******************************************************************************
                  TI ARM Linker PC v15.12.1                    
******************************************************************************
>> Linked Sat Oct 15 08:53:01 2016

OUTPUT FILE NAME:   <i2c_mpu9250.out>
ENTRY POINT SYMBOL: "_c_int00"  address: 00000e7d


MEMORY CONFIGURATION

         name            origin    length      used     unused   attr    fill
----------------------  --------  ---------  --------  --------  ----  --------
  FLASH                 00000000   00040000  00001638  0003e9c8  R  X
  SRAM                  20000000   00008000  00000565  00007a9b  RW X


SEGMENT ALLOCATION MAP

run origin  load origin   length   init length attrs members
----------  ----------- ---------- ----------- ----- -------
00000000    00000000    0000163c   0000163c    r-x
  00000000    00000000    0000026c   0000026c    r-- .intvecs
  0000026c    0000026c    0000107c   0000107c    r-x .text
  000012e8    000012e8    000002ec   000002ec    r-- .const
  000015d8    000015d8    00000064   00000064    r-- .cinit
20000000    20000000    00000565   00000000    rw-
  20000000    20000000    0000026c   00000000    rw- .vtable
  2000026c    2000026c    00000200   00000000    rw- .stack
  2000046c    2000046c    000000c0   00000000    rw- .data
  2000052c    2000052c    00000039   00000000    rw- .bss


SECTION ALLOCATION MAP

 output                                  attributes/
section   page    origin      length       input sections
--------  ----  ----------  ----------   ----------------
.intvecs   0    00000000    0000026c     
                  00000000    0000026c     tm4c123gh6pm_startup_ccs.obj (.intvecs)

.text      0    0000026c    0000107c     
                  0000026c    000005c4     main.obj (.text)
                  00000830    00000132     driverlib.lib : gpio.obj (.text:GPIOPadConfigSet)
                  00000962    00000002     rtsv7M4_T_le_v4SPD16_eabi.lib : mpu_init.obj (.text)
                  00000964    00000110     driverlib.lib : sysctl.obj (.text:SysCtlClockGet)
                  00000a74    000000f4                   : sysctl.obj (.text:SysCtlClockSet)
                  00000b68    0000009c     rtsv7M4_T_le_v4SPD16_eabi.lib : memcpy_t2.obj (.text)
                  00000c04    0000007a                                   : memset_t2.obj (.text)
                  00000c7e    00000002                                   : startup.obj (.text)
                  00000c80    00000070                                   : autoinit.obj (.text)
                  00000cf0    0000006a                                   : copy_decompress_rle.obj (.text)
                  00000d5a    00000002     --HOLE-- [fill = 0]
                  00000d5c    00000068     driverlib.lib : interrupt.obj (.text:IntEnable)
                  00000dc4    00000060                   : timer.obj (.text:TimerConfigure)
                  00000e24    00000056                   : gpio.obj (.text:GPIOIntTypeSet)
                  00000e7a    00000002     --HOLE-- [fill = 0]
                  00000e7c    00000054     rtsv7M4_T_le_v4SPD16_eabi.lib : boot.obj (.text)
                  00000ed0    00000054                                   : exit.obj (.text)
                  00000f24    0000004c     driverlib.lib : i2c.obj (.text:I2CMasterInitExpClk)
                  00000f70    0000004c     rtsv7M4_T_le_v4SPD16_eabi.lib : cpy_tbl.obj (.text)
                  00000fbc    00000048     driverlib.lib : gpio.obj (.text:GPIOPinConfigure)
                  00001004    00000046                   : uart.obj (.text:UARTConfigSetExpClk)
                  0000104a    00000002     --HOLE-- [fill = 0]
                  0000104c    00000040                   : gpio.obj (.text:_GPIOIntNumberGet)
                  0000108c    00000034                   : interrupt.obj (.text:IntRegister)
                  000010c0    00000034                   : sysctl.obj (.text:SysCtlPeripheralEnable)
                  000010f4    0000002a                   : gpio.obj (.text:GPIODirModeSet)
                  0000111e    00000002     --HOLE-- [fill = 0]
                  00001120    00000020                   : uart.obj (.text:UARTDisable)
                  00001140    00000018                   : gpio.obj (.text:GPIOIntRegister)
                  00001158    00000018                   : gpio.obj (.text:GPIOPinTypeGPIOOutput)
                  00001170    00000018                   : timer.obj (.text:TimerDisable)
                  00001188    00000018     rtsv7M4_T_le_v4SPD16_eabi.lib : args_main.obj (.text)
                  000011a0    00000014     driverlib.lib : uart.obj (.text:UARTEnable)
                  000011b4    00000014     rtsv7M4_T_le_v4SPD16_eabi.lib : _lock.obj (.text)
                  000011c8    00000012     driverlib.lib : gpio.obj (.text:GPIOPinTypeGPIOInput)
                  000011da    00000012                   : gpio.obj (.text:GPIOPinTypeI2CSCL)
                  000011ec    00000012                   : gpio.obj (.text:GPIOPinTypeUART)
                  000011fe    00000012                   : timer.obj (.text:TimerLoadSet)
                  00001210    00000010                   : interrupt.obj (.text:IntMasterEnable)
                  00001220    0000000e                   : gpio.obj (.text:GPIOIntDisable)
                  0000122e    0000000e                   : timer.obj (.text:TimerEnable)
                  0000123c    0000000e                   : uart.obj (.text:UARTCharPutNonBlocking)
                  0000124a    0000000e     rtsv7M4_T_le_v4SPD16_eabi.lib : copy_decompress_none.obj (.text:decompress:none)
                  00001258    0000000c     driverlib.lib : cpu.obj (.text:CPUcpsie)
                  00001264    0000000c                   : gpio.obj (.text:GPIOIntEnable)
                  00001270    0000000c     tm4c123gh6pm_startup_ccs.obj (.text)
                  0000127c    0000000a     driverlib.lib : i2c.obj (.text:I2CMasterEnable)
                  00001286    0000000a                   : timer.obj (.text:TimerValueGet)
                  00001290    0000000a                   : uart.obj (.text:UARTCharGet)
                  0000129a    0000000a                   : uart.obj (.text:UARTCharPut)
                  000012a4    00000008                   : i2c.obj (.text:I2CMasterBusy)
                  000012ac    00000008                   : i2c.obj (.text:I2CMasterSlaveAddrSet)
                  000012b4    00000008                   : timer.obj (.text:TimerIntEnable)
                  000012bc    00000006                   : gpio.obj (.text:GPIOIntClear)
                  000012c2    00000006                   : gpio.obj (.text:GPIOPinWrite)
                  000012c8    00000006                   : sysctl.obj (.text:SysCtlDelay)
                  000012ce    00000006     rtsv7M4_T_le_v4SPD16_eabi.lib : copy_decompress_rle.obj (.text:decompress:rle24)
                  000012d4    00000004     driverlib.lib : i2c.obj (.text:I2CMasterControl)
                  000012d8    00000004                   : i2c.obj (.text:I2CMasterDataGet)
                  000012dc    00000004                   : i2c.obj (.text:I2CMasterDataPut)
                  000012e0    00000004                   : timer.obj (.text:TimerIntClear)
                  000012e4    00000004     rtsv7M4_T_le_v4SPD16_eabi.lib : pre_init.obj (.text)

.const     0    000012e8    000002ec     
                  000012e8    000000c0     driverlib.lib : gpio.obj (.const:g_ppui32GPIOIntMapBlizzard)
                  000013a8    000000c0                   : gpio.obj (.const:g_ppui32GPIOIntMapSnowflake)
                  00001468    00000090                   : gpio.obj (.const:g_pui32GPIOBaseAddrs)
                  000014f8    00000070                   : interrupt.obj (.const)
                  00001568    0000006c                   : sysctl.obj (.const:g_pui32Xtals)

.cinit     0    000015d8    00000064     
                  000015d8    00000022     (.cinit..data.load) [load image, compression = rle]
                  000015fa    00000006     --HOLE-- [fill = 0]
                  00001600    0000000b     (.cinit..vtable.load) [load image, compression = rle]
                  0000160b    00000005     --HOLE-- [fill = 0]
                  00001610    00000009     (.cinit..bss.load) [load image, compression = rle]
                  00001619    00000003     --HOLE-- [fill = 0]
                  0000161c    00000008     (__TI_handler_table)
                  00001624    00000018     (__TI_cinit_table)

.init_array 
*          0    00000000    00000000     UNINITIALIZED

.vtable    0    20000000    0000026c     UNINITIALIZED
                  20000000    0000026c     driverlib.lib : interrupt.obj (.vtable)

.stack     0    2000026c    00000200     UNINITIALIZED
                  2000026c    00000200     --HOLE--

.data      0    2000046c    000000c0     UNINITIALIZED
                  2000046c    00000064     main.obj (.data:recvdStr)
                  200004d0    00000024     main.obj (.data)
                  200004f4    0000000c     rtsv7M4_T_le_v4SPD16_eabi.lib : exit.obj (.data:$O1$$)
                  20000500    0000000a     main.obj (.data:lon)
                  2000050a    00000009     main.obj (.data:lat)
                  20000513    00000001     --HOLE--
                  20000514    00000008     rtsv7M4_T_le_v4SPD16_eabi.lib : _lock.obj (.data:$O1$$)
                  2000051c    00000006     main.obj (.data:gprmc)
                  20000522    00000005     main.obj (.data:speed)
                  20000527    00000001     --HOLE--
                  20000528    00000004     rtsv7M4_T_le_v4SPD16_eabi.lib : stkdepth_vars.obj (.data)

.bss       0    2000052c    00000039     UNINITIALIZED
                  2000052c    00000018     (.common:accel)
                  20000544    00000018     (.common:gyro)
                  2000055c    00000004     (.common:ui32Period)
                  20000560    00000004     (.common:ui32Period1)
                  20000564    00000001     (.common:iter)

MODULE SUMMARY

       Module                         code   ro data   rw data
       ------                         ----   -------   -------
    .\
       main.obj                       1476   0         223    
       tm4c123gh6pm_startup_ccs.obj   12     620       0      
    +--+------------------------------+------+---------+---------+
       Total:                         1488   620       223    
                                                              
    C:/ti/TivaWare_C_Series-2.1.2.111/driverlib/ccs/Debug/driverlib.lib
       gpio.obj                       710    528       0      
       interrupt.obj                  172    112       620    
       sysctl.obj                     574    108       0      
       timer.obj                      174    0         0      
       uart.obj                       156    0         0      
       i2c.obj                        114    0         0      
       cpu.obj                        12     0         0      
    +--+------------------------------+------+---------+---------+
       Total:                         1912   748       620    
                                                              
    C:\ti\ccsv6\tools\compiler\ti-cgt-arm_15.12.1.LTS\lib\rtsv7M4_T_le_v4SPD16_eabi.lib
       memcpy_t2.obj                  156    0         0      
       memset_t2.obj                  122    0         0      
       autoinit.obj                   112    0         0      
       copy_decompress_rle.obj        112    0         0      
       exit.obj                       84     0         12     
       boot.obj                       84     0         0      
       cpy_tbl.obj                    76     0         0      
       _lock.obj                      20     0         8      
       args_main.obj                  24     0         0      
       copy_decompress_none.obj       14     0         0      
       pre_init.obj                   4      0         0      
       stkdepth_vars.obj              0      0         4      
       mpu_init.obj                   2      0         0      
       startup.obj                    2      0         0      
    +--+------------------------------+------+---------+---------+
       Total:                         812    0         24     
                                                              
       Stack:                         0      0         512    
       Linker Generated:              0      86        0      
    +--+------------------------------+------+---------+---------+
       Grand Total:                   4212   1454      1379   


LINKER GENERATED COPY TABLES

__TI_cinit_table @ 00001624 records: 3, size/record: 8, table size: 24
	.data: load addr=000015d8, load size=00000022 bytes, run addr=2000046c, run size=000000c0 bytes, compression=rle
	.vtable: load addr=00001600, load size=0000000b bytes, run addr=20000000, run size=0000026c bytes, compression=rle
	.bss: load addr=00001610, load size=00000009 bytes, run addr=2000052c, run size=00000039 bytes, compression=rle


LINKER GENERATED HANDLER TABLE

__TI_handler_table @ 0000161c records: 2, size/record: 4, table size: 8
	index: 0, handler: __TI_decompress_rle24
	index: 1, handler: __TI_decompress_none


GLOBAL SYMBOLS: SORTED ALPHABETICALLY BY Name 

address   name                           
-------   ----                           
00000ed1  C$$EXIT                        
00001259  CPUcpsie                       
00000785  DownISR                        
000010f5  GPIODirModeSet                 
000012bd  GPIOIntClear                   
00001221  GPIOIntDisable                 
00001265  GPIOIntEnable                  
00001141  GPIOIntRegister                
00000e25  GPIOIntTypeSet                 
00000831  GPIOPadConfigSet               
00000fbd  GPIOPinConfigure               
000011c9  GPIOPinTypeGPIOInput           
00001159  GPIOPinTypeGPIOOutput          
000011db  GPIOPinTypeI2CSCL              
000011ed  GPIOPinTypeUART                
000012c3  GPIOPinWrite                   
00000649  GPIO_config                    
000012a5  I2CMasterBusy                  
000012d5  I2CMasterControl               
000012d9  I2CMasterDataGet               
000012dd  I2CMasterDataPut               
0000127d  I2CMasterEnable                
00000f25  I2CMasterInitExpClk            
000012ad  I2CMasterSlaveAddrSet          
00000d5d  IntEnable                      
00001211  IntMasterEnable                
0000108d  IntRegister                    
00001271  ResetISR                       
UNDEFED   SHT$$INIT_ARRAY$$Base          
UNDEFED   SHT$$INIT_ARRAY$$Limit         
00000965  SysCtlClockGet                 
00000a75  SysCtlClockSet                 
000012c9  SysCtlDelay                    
000010c1  SysCtlPeripheralEnable         
00000701  Timer0IntHandler               
0000071f  Timer2IntHandler               
00000dc5  TimerConfigure                 
00001171  TimerDisable                   
0000122f  TimerEnable                    
000012e1  TimerIntClear                  
000012b5  TimerIntEnable                 
000011ff  TimerLoadSet                   
00001287  TimerValueGet                  
000005bd  Timer_init                     
00001291  UARTCharGet                    
0000129b  UARTCharPut                    
0000123d  UARTCharPutNonBlocking         
00001005  UARTConfigSetExpClk            
00001121  UARTDisable                    
000011a1  UARTEnable                     
0000026d  UARTSend                       
000006bd  US_Sensor                      
00000739  UpISR                          
2000046c  __STACK_END                    
00000200  __STACK_SIZE                   
2000046c  __STACK_TOP                    
00001624  __TI_CINIT_Base                
0000163c  __TI_CINIT_Limit               
0000161c  __TI_Handler_Table_Base        
00001624  __TI_Handler_Table_Limit       
00000c81  __TI_auto_init                 
200004f4  __TI_cleanup_ptr               
0000124b  __TI_decompress_none           
000012cf  __TI_decompress_rle24          
200004f8  __TI_dtors_ptr                 
200004fc  __TI_enable_exit_profile_output
ffffffff  __TI_pprof_out_hndl            
ffffffff  __TI_prof_data_size            
ffffffff  __TI_prof_data_start           
00000000  __TI_static_base__             
00000c05  __aeabi_memclr                 
00000c05  __aeabi_memclr4                
00000c05  __aeabi_memclr8                
00000b69  __aeabi_memcpy                 
00000b69  __aeabi_memcpy4                
00000b69  __aeabi_memcpy8                
00000c07  __aeabi_memset                 
00000c07  __aeabi_memset4                
00000c07  __aeabi_memset8                
ffffffff  __binit__                      
ffffffff  __c_args__                     
00000963  __mpu_init                     
2000026c  __stack                        
00001189  _args_main                     
00000e7d  _c_int00                       
20000514  _lock                          
000011c3  _nop                           
000011bb  _register_lock                 
000011b5  _register_unlock               
00000c7f  _system_post_cinit             
000012e5  _system_pre_init               
20000518  _unlock                        
200004f0  a                              
00000ed5  abort                          
2000052c  accel                          
ffffffff  binit                          
00000f71  copy_in                        
200004d0  count                          
200004e8  ctr                            
200004d4  distance                       
00000edd  exit                           
200004e4  flag                           
20000000  g_pfnRAMVectors                
00000000  g_pfnVectors                   
2000051c  gprmc                          
20000544  gyro                           
200004d8  i                              
200004ec  index                          
20000564  iter                           
200004dc  j                              
200004e0  k                              
2000050a  lat                            
20000500  lon                            
00000377  main                           
20000528  main_func_sp                   
00000b69  memcpy                         
00000c0d  memset                         
2000046c  recvdStr                       
00000295  setup                          
20000522  speed                          
2000055c  ui32Period                     
20000560  ui32Period1                    


GLOBAL SYMBOLS: SORTED BY Symbol Address 

address   name                           
-------   ----                           
00000000  __TI_static_base__             
00000000  g_pfnVectors                   
00000200  __STACK_SIZE                   
0000026d  UARTSend                       
00000295  setup                          
00000377  main                           
000005bd  Timer_init                     
00000649  GPIO_config                    
000006bd  US_Sensor                      
00000701  Timer0IntHandler               
0000071f  Timer2IntHandler               
00000739  UpISR                          
00000785  DownISR                        
00000831  GPIOPadConfigSet               
00000963  __mpu_init                     
00000965  SysCtlClockGet                 
00000a75  SysCtlClockSet                 
00000b69  __aeabi_memcpy                 
00000b69  __aeabi_memcpy4                
00000b69  __aeabi_memcpy8                
00000b69  memcpy                         
00000c05  __aeabi_memclr                 
00000c05  __aeabi_memclr4                
00000c05  __aeabi_memclr8                
00000c07  __aeabi_memset                 
00000c07  __aeabi_memset4                
00000c07  __aeabi_memset8                
00000c0d  memset                         
00000c7f  _system_post_cinit             
00000c81  __TI_auto_init                 
00000d5d  IntEnable                      
00000dc5  TimerConfigure                 
00000e25  GPIOIntTypeSet                 
00000e7d  _c_int00                       
00000ed1  C$$EXIT                        
00000ed5  abort                          
00000edd  exit                           
00000f25  I2CMasterInitExpClk            
00000f71  copy_in                        
00000fbd  GPIOPinConfigure               
00001005  UARTConfigSetExpClk            
0000108d  IntRegister                    
000010c1  SysCtlPeripheralEnable         
000010f5  GPIODirModeSet                 
00001121  UARTDisable                    
00001141  GPIOIntRegister                
00001159  GPIOPinTypeGPIOOutput          
00001171  TimerDisable                   
00001189  _args_main                     
000011a1  UARTEnable                     
000011b5  _register_unlock               
000011bb  _register_lock                 
000011c3  _nop                           
000011c9  GPIOPinTypeGPIOInput           
000011db  GPIOPinTypeI2CSCL              
000011ed  GPIOPinTypeUART                
000011ff  TimerLoadSet                   
00001211  IntMasterEnable                
00001221  GPIOIntDisable                 
0000122f  TimerEnable                    
0000123d  UARTCharPutNonBlocking         
0000124b  __TI_decompress_none           
00001259  CPUcpsie                       
00001265  GPIOIntEnable                  
00001271  ResetISR                       
0000127d  I2CMasterEnable                
00001287  TimerValueGet                  
00001291  UARTCharGet                    
0000129b  UARTCharPut                    
000012a5  I2CMasterBusy                  
000012ad  I2CMasterSlaveAddrSet          
000012b5  TimerIntEnable                 
000012bd  GPIOIntClear                   
000012c3  GPIOPinWrite                   
000012c9  SysCtlDelay                    
000012cf  __TI_decompress_rle24          
000012d5  I2CMasterControl               
000012d9  I2CMasterDataGet               
000012dd  I2CMasterDataPut               
000012e1  TimerIntClear                  
000012e5  _system_pre_init               
0000161c  __TI_Handler_Table_Base        
00001624  __TI_CINIT_Base                
00001624  __TI_Handler_Table_Limit       
0000163c  __TI_CINIT_Limit               
20000000  g_pfnRAMVectors                
2000026c  __stack                        
2000046c  __STACK_END                    
2000046c  __STACK_TOP                    
2000046c  recvdStr                       
200004d0  count                          
200004d4  distance                       
200004d8  i                              
200004dc  j                              
200004e0  k                              
200004e4  flag                           
200004e8  ctr                            
200004ec  index                          
200004f0  a                              
200004f4  __TI_cleanup_ptr               
200004f8  __TI_dtors_ptr                 
200004fc  __TI_enable_exit_profile_output
20000500  lon                            
2000050a  lat                            
20000514  _lock                          
20000518  _unlock                        
2000051c  gprmc                          
20000522  speed                          
20000528  main_func_sp                   
2000052c  accel                          
20000544  gyro                           
2000055c  ui32Period                     
20000560  ui32Period1                    
20000564  iter                           
ffffffff  __TI_pprof_out_hndl            
ffffffff  __TI_prof_data_size            
ffffffff  __TI_prof_data_start           
ffffffff  __binit__                      
ffffffff  __c_args__                     
ffffffff  binit                          
UNDEFED   SHT$$INIT_ARRAY$$Base          
UNDEFED   SHT$$INIT_ARRAY$$Limit         

[122 symbols]
