******************************************************************************
                  TI ARM Linker PC v15.12.1                    
******************************************************************************
>> Linked Tue Aug 30 13:00:22 2016

OUTPUT FILE NAME:   <lab4.out>
ENTRY POINT SYMBOL: "_c_int00"  address: 00000ead


MEMORY CONFIGURATION

         name            origin    length      used     unused   attr    fill
----------------------  --------  ---------  --------  --------  ----  --------
  FLASH                 00000000   00040000  000013c2  0003ec3e  R  X
  SRAM                  20000000   00008000  00000230  00007dd0  RW X


SEGMENT ALLOCATION MAP

run origin  load origin   length   init length attrs members
----------  ----------- ---------- ----------- ----- -------
00000000    00000000    000013c4   000013c4    r-x
  00000000    00000000    0000026c   0000026c    r-- .intvecs
  0000026c    0000026c    00000fee   00000fee    r-x .text
  0000125c    0000125c    0000012c   0000012c    r-- .const
  00001388    00001388    0000003c   0000003c    r-- .cinit
20000000    20000000    00000230   00000000    rw-
  20000000    20000000    00000200   00000000    rw- .stack
  20000200    20000200    00000020   00000000    rw- .data
  20000220    20000220    00000010   00000000    rw- .bss


SECTION ALLOCATION MAP

 output                                  attributes/
section   page    origin      length       input sections
--------  ----  ----------  ----------   ----------------
.intvecs   0    00000000    0000026c     
                  00000000    0000026c     tm4c123gh6pm_startup_ccs.obj (.intvecs)

.text      0    0000026c    00000fee     
                  0000026c    000004dc     uartstdio.obj (.text)
                  00000748    000001c0     lab-4_p-1.obj (.text)
                  00000908    00000132     driverlib.lib : gpio.obj (.text:GPIOPadConfigSet)
                  00000a3a    00000002     rtsv7M4_T_le_v4SPD16_eabi.lib : i_div0.obj (.text)
                  00000a3c    00000110     driverlib.lib : sysctl.obj (.text:SysCtlClockGet)
                  00000b4c    000000f4                   : sysctl.obj (.text:SysCtlClockSet)
                  00000c40    0000009c     rtsv7M4_T_le_v4SPD16_eabi.lib : memcpy_t2.obj (.text)
                  00000cdc    0000007a     driverlib.lib : adc.obj (.text:ADCSequenceStepConfigure)
                  00000d56    0000007a     rtsv7M4_T_le_v4SPD16_eabi.lib : memset_t2.obj (.text)
                  00000dd0    00000070                                   : autoinit.obj (.text)
                  00000e40    0000006a                                   : copy_decompress_rle.obj (.text)
                  00000eaa    00000002                                   : mpu_init.obj (.text)
                  00000eac    00000054                                   : boot.obj (.text)
                  00000f00    00000054                                   : exit.obj (.text)
                  00000f54    0000004c                                   : cpy_tbl.obj (.text)
                  00000fa0    00000048     driverlib.lib : gpio.obj (.text:GPIOPinConfigure)
                  00000fe8    00000046                   : uart.obj (.text:UARTConfigSetExpClk)
                  0000102e    00000040     rtsv7M4_T_le_v4SPD16_eabi.lib : u_divt2.obj (.text)
                  0000106e    0000003e     driverlib.lib : adc.obj (.text:ADCSequenceConfigure)
                  000010ac    00000034                   : sysctl.obj (.text:SysCtlPeripheralEnable)
                  000010e0    0000002e                   : adc.obj (.text:ADCIntStatus)
                  0000110e    0000002a                   : gpio.obj (.text:GPIODirModeSet)
                  00001138    00000020                   : uart.obj (.text:UARTDisable)
                  00001158    0000001e                   : adc.obj (.text:ADCSequenceDataGet)
                  00001176    00000018                   : adc.obj (.text:ADCProcessorTrigger)
                  0000118e    00000018                   : gpio.obj (.text:GPIOPinTypeGPIOOutput)
                  000011a6    00000002     rtsv7M4_T_le_v4SPD16_eabi.lib : startup.obj (.text)
                  000011a8    00000018                                   : args_main.obj (.text)
                  000011c0    00000014     driverlib.lib : uart.obj (.text:UARTEnable)
                  000011d4    00000014     rtsv7M4_T_le_v4SPD16_eabi.lib : _lock.obj (.text)
                  000011e8    00000012     driverlib.lib : gpio.obj (.text:GPIOPinTypeADC)
                  000011fa    00000012                   : gpio.obj (.text:GPIOPinTypeUART)
                  0000120c    0000000e                   : adc.obj (.text:ADCSequenceEnable)
                  0000121a    0000000e     rtsv7M4_T_le_v4SPD16_eabi.lib : copy_decompress_none.obj (.text:decompress:none)
                  00001228    0000000c     tm4c123gh6pm_startup_ccs.obj (.text)
                  00001234    0000000a     driverlib.lib : adc.obj (.text:ADCIntClear)
                  0000123e    00000006                   : gpio.obj (.text:GPIOPinWrite)
                  00001244    00000006                   : sysctl.obj (.text:SysCtlDelay)
                  0000124a    00000006                   : uart.obj (.text:UARTClockSourceSet)
                  00001250    00000006     rtsv7M4_T_le_v4SPD16_eabi.lib : copy_decompress_rle.obj (.text:decompress:rle24)
                  00001256    00000004                                   : pre_init.obj (.text)

.const     0    0000125c    0000012c     
                  0000125c    00000090     driverlib.lib : gpio.obj (.const:g_pui32GPIOBaseAddrs)
                  000012ec    0000006c                   : sysctl.obj (.const:g_pui32Xtals)
                  00001358    00000012     uartstdio.obj (.const:.string)
                  0000136a    00000002     --HOLE-- [fill = 0]
                  0000136c    0000000c     uartstdio.obj (.const:g_ui32UARTBase)
                  00001378    0000000c     uartstdio.obj (.const:g_ui32UARTPeriph)
                  00001384    00000004     uartstdio.obj (.const)

.cinit     0    00001388    0000003c     
                  00001388    00000016     (.cinit..data.load) [load image, compression = rle]
                  0000139e    00000002     --HOLE-- [fill = 0]
                  000013a0    00000009     (.cinit..bss.load) [load image, compression = rle]
                  000013a9    00000003     --HOLE-- [fill = 0]
                  000013ac    00000008     (__TI_handler_table)
                  000013b4    00000010     (__TI_cinit_table)

.init_array 
*          0    00000000    00000000     UNINITIALIZED

.stack     0    20000000    00000200     UNINITIALIZED
                  20000000    00000200     --HOLE--

.data      0    20000200    00000020     UNINITIALIZED
                  20000200    0000000c     rtsv7M4_T_le_v4SPD16_eabi.lib : exit.obj (.data:$O1$$)
                  2000020c    00000008                                   : _lock.obj (.data:$O1$$)
                  20000214    00000005     uartstdio.obj (.data)
                  20000219    00000003     --HOLE--
                  2000021c    00000004     rtsv7M4_T_le_v4SPD16_eabi.lib : stkdepth_vars.obj (.data)

.bss       0    20000220    00000010     UNINITIALIZED
                  20000220    00000010     (.common:pui32ADC0Value)

MODULE SUMMARY

       Module                         code   ro data   rw data
       ------                         ----   -------   -------
    .\
       uartstdio.obj                  1244   46        5      
       tm4c123gh6pm_startup_ccs.obj   12     620       0      
       lab-4_p-1.obj                  448    0         16     
    +--+------------------------------+------+---------+---------+
       Total:                         1704   666       21     
                                                              
    C:/ti/TivaWare_C_Series-2.1.2.111/driverlib/ccs/Debug/driverlib.lib
       sysctl.obj                     574    108       0      
       gpio.obj                       486    144       0      
       adc.obj                        308    0         0      
       uart.obj                       128    0         0      
    +--+------------------------------+------+---------+---------+
       Total:                         1496   252       0      
                                                              
    C:\ti\ccsv6\tools\compiler\ti-cgt-arm_15.12.1.LTS\lib\rtsv7M4_T_le_v4SPD16_eabi.lib
       memcpy_t2.obj                  156    0         0      
       memset_t2.obj                  122    0         0      
       autoinit.obj                   112    0         0      
       copy_decompress_rle.obj        112    0         0      
       exit.obj                       84     0         12     
       boot.obj                       84     0         0      
       cpy_tbl.obj                    76     0         0      
       u_divt2.obj                    64     0         0      
       _lock.obj                      20     0         8      
       args_main.obj                  24     0         0      
       copy_decompress_none.obj       14     0         0      
       pre_init.obj                   4      0         0      
       stkdepth_vars.obj              0      0         4      
       i_div0.obj                     2      0         0      
       mpu_init.obj                   2      0         0      
       startup.obj                    2      0         0      
    +--+------------------------------+------+---------+---------+
       Total:                         878    0         24     
                                                              
       Stack:                         0      0         512    
       Linker Generated:              0      55        0      
    +--+------------------------------+------+---------+---------+
       Grand Total:                   4078   973       557    


LINKER GENERATED COPY TABLES

__TI_cinit_table @ 000013b4 records: 2, size/record: 8, table size: 16
	.data: load addr=00001388, load size=00000016 bytes, run addr=20000200, run size=00000020 bytes, compression=rle
	.bss: load addr=000013a0, load size=00000009 bytes, run addr=20000220, run size=00000010 bytes, compression=rle


LINKER GENERATED HANDLER TABLE

__TI_handler_table @ 000013ac records: 2, size/record: 4, table size: 8
	index: 0, handler: __TI_decompress_rle24
	index: 1, handler: __TI_decompress_none


GLOBAL SYMBOLS: SORTED ALPHABETICALLY BY Name 

address   name                           
-------   ----                           
00001235  ADCIntClear                    
000010e1  ADCIntStatus                   
00001177  ADCProcessorTrigger            
0000106f  ADCSequenceConfigure           
00001159  ADCSequenceDataGet             
0000120d  ADCSequenceEnable              
00000cdd  ADCSequenceStepConfigure       
00000f01  C$$EXIT                        
0000110f  GPIODirModeSet                 
00000909  GPIOPadConfigSet               
00000fa1  GPIOPinConfigure               
000011e9  GPIOPinTypeADC                 
0000118f  GPIOPinTypeGPIOOutput          
000011fb  GPIOPinTypeUART                
0000123f  GPIOPinWrite                   
00000749  InitConsole                    
00001229  ResetISR                       
UNDEFED   SHT$$INIT_ARRAY$$Base          
UNDEFED   SHT$$INIT_ARRAY$$Limit         
00000a3d  SysCtlClockGet                 
00000b4d  SysCtlClockSet                 
00001245  SysCtlDelay                    
000010ad  SysCtlPeripheralEnable         
0000124b  UARTClockSourceSet             
00000fe9  UARTConfigSetExpClk            
00001139  UARTDisable                    
000011c1  UARTEnable                     
0000026d  UARTStdioConfig                
000003e5  UARTgetc                       
0000031f  UARTgets                       
00000713  UARTprintf                     
00000419  UARTvprintf                    
000002cd  UARTwrite                      
20000200  __STACK_END                    
00000200  __STACK_SIZE                   
20000200  __STACK_TOP                    
000013b4  __TI_CINIT_Base                
000013c4  __TI_CINIT_Limit               
000013ac  __TI_Handler_Table_Base        
000013b4  __TI_Handler_Table_Limit       
00000dd1  __TI_auto_init                 
20000200  __TI_cleanup_ptr               
0000121b  __TI_decompress_none           
00001251  __TI_decompress_rle24          
20000204  __TI_dtors_ptr                 
20000208  __TI_enable_exit_profile_output
ffffffff  __TI_pprof_out_hndl            
ffffffff  __TI_prof_data_size            
ffffffff  __TI_prof_data_start           
00000000  __TI_static_base__             
00000a3b  __aeabi_idiv0                  
00000d57  __aeabi_memclr                 
00000d57  __aeabi_memclr4                
00000d57  __aeabi_memclr8                
00000c41  __aeabi_memcpy                 
00000c41  __aeabi_memcpy4                
00000c41  __aeabi_memcpy8                
00000d59  __aeabi_memset                 
00000d59  __aeabi_memset4                
00000d59  __aeabi_memset8                
0000102f  __aeabi_uidiv                  
0000102f  __aeabi_uidivmod               
ffffffff  __binit__                      
ffffffff  __c_args__                     
00000eab  __mpu_init                     
20000000  __stack                        
000011a9  _args_main                     
00000ead  _c_int00                       
2000020c  _lock                          
000011e3  _nop                           
000011db  _register_lock                 
000011d5  _register_unlock               
000011a7  _system_post_cinit             
00001257  _system_pre_init               
20000210  _unlock                        
00000f05  abort                          
ffffffff  binit                          
00000f55  copy_in                        
00000f0d  exit                           
00000000  g_pfnVectors                   
00000789  main                           
2000021c  main_func_sp                   
00000c41  memcpy                         
00000d5f  memset                         
20000220  pui32ADC0Value                 


GLOBAL SYMBOLS: SORTED BY Symbol Address 

address   name                           
-------   ----                           
00000000  __TI_static_base__             
00000000  g_pfnVectors                   
00000200  __STACK_SIZE                   
0000026d  UARTStdioConfig                
000002cd  UARTwrite                      
0000031f  UARTgets                       
000003e5  UARTgetc                       
00000419  UARTvprintf                    
00000713  UARTprintf                     
00000749  InitConsole                    
00000789  main                           
00000909  GPIOPadConfigSet               
00000a3b  __aeabi_idiv0                  
00000a3d  SysCtlClockGet                 
00000b4d  SysCtlClockSet                 
00000c41  __aeabi_memcpy                 
00000c41  __aeabi_memcpy4                
00000c41  __aeabi_memcpy8                
00000c41  memcpy                         
00000cdd  ADCSequenceStepConfigure       
00000d57  __aeabi_memclr                 
00000d57  __aeabi_memclr4                
00000d57  __aeabi_memclr8                
00000d59  __aeabi_memset                 
00000d59  __aeabi_memset4                
00000d59  __aeabi_memset8                
00000d5f  memset                         
00000dd1  __TI_auto_init                 
00000eab  __mpu_init                     
00000ead  _c_int00                       
00000f01  C$$EXIT                        
00000f05  abort                          
00000f0d  exit                           
00000f55  copy_in                        
00000fa1  GPIOPinConfigure               
00000fe9  UARTConfigSetExpClk            
0000102f  __aeabi_uidiv                  
0000102f  __aeabi_uidivmod               
0000106f  ADCSequenceConfigure           
000010ad  SysCtlPeripheralEnable         
000010e1  ADCIntStatus                   
0000110f  GPIODirModeSet                 
00001139  UARTDisable                    
00001159  ADCSequenceDataGet             
00001177  ADCProcessorTrigger            
0000118f  GPIOPinTypeGPIOOutput          
000011a7  _system_post_cinit             
000011a9  _args_main                     
000011c1  UARTEnable                     
000011d5  _register_unlock               
000011db  _register_lock                 
000011e3  _nop                           
000011e9  GPIOPinTypeADC                 
000011fb  GPIOPinTypeUART                
0000120d  ADCSequenceEnable              
0000121b  __TI_decompress_none           
00001229  ResetISR                       
00001235  ADCIntClear                    
0000123f  GPIOPinWrite                   
00001245  SysCtlDelay                    
0000124b  UARTClockSourceSet             
00001251  __TI_decompress_rle24          
00001257  _system_pre_init               
000013ac  __TI_Handler_Table_Base        
000013b4  __TI_CINIT_Base                
000013b4  __TI_Handler_Table_Limit       
000013c4  __TI_CINIT_Limit               
20000000  __stack                        
20000200  __STACK_END                    
20000200  __STACK_TOP                    
20000200  __TI_cleanup_ptr               
20000204  __TI_dtors_ptr                 
20000208  __TI_enable_exit_profile_output
2000020c  _lock                          
20000210  _unlock                        
2000021c  main_func_sp                   
20000220  pui32ADC0Value                 
ffffffff  __TI_pprof_out_hndl            
ffffffff  __TI_prof_data_size            
ffffffff  __TI_prof_data_start           
ffffffff  __binit__                      
ffffffff  __c_args__                     
ffffffff  binit                          
UNDEFED   SHT$$INIT_ARRAY$$Base          
UNDEFED   SHT$$INIT_ARRAY$$Limit         

[85 symbols]
