******************************************************************************
                  TI ARM Linker PC v15.12.1                    
******************************************************************************
>> Linked Sun Oct 23 06:38:37 2016

OUTPUT FILE NAME:   <roadiov1.out>
ENTRY POINT SYMBOL: "_c_int00"  address: 000049dd


MEMORY CONFIGURATION

         name            origin    length      used     unused   attr    fill
----------------------  --------  ---------  --------  --------  ----  --------
  FLASH                 00000000   00040000  000053ce  0003ac32  R  X
  SRAM                  20000000   00008000  00000a1f  000075e1  RW X


SEGMENT ALLOCATION MAP

run origin  load origin   length   init length attrs members
----------  ----------- ---------- ----------- ----- -------
00000000    00000000    000053d4   000053d4    r-x
  00000000    00000000    0000026c   0000026c    r-- .intvecs
  0000026c    0000026c    00004c0e   00004c0e    r-x .text
  00004e7c    00004e7c    00000458   00000458    r-- .const
  000052d8    000052d8    000000fc   000000fc    r-- .cinit
20000000    20000000    00000a20   00000000    rw-
  20000000    20000000    0000026c   00000000    rw- .vtable
  2000026c    2000026c    000004c3   00000000    rw- .bss
  20000730    20000730    00000200   00000000    rw- .stack
  20000930    20000930    000000f0   00000000    rw- .data


SECTION ALLOCATION MAP

 output                                  attributes/
section   page    origin      length       input sections
--------  ----  ----------  ----------   ----------------
.intvecs   0    00000000    0000026c     
                  00000000    0000026c     tm4c123gh6pm_startup_ccs.obj (.intvecs)

.text      0    0000026c    00004c0e     
                  0000026c    00002a18     ff.obj (.text)
                  00002c84    00000974     mmc-dk-tm4c123g.obj (.text)
                  000035f8    000008bc     main.obj (.text)
                  00003eb4    000004dc     uartstdio.obj (.text)
                  00004390    00000132     driverlib.lib : gpio.obj (.text:GPIOPadConfigSet)
                  000044c2    00000002     rtsv7M4_T_le_v4SPD16_eabi.lib : i_div0.obj (.text)
                  000044c4    00000110     driverlib.lib : sysctl.obj (.text:SysCtlClockGet)
                  000045d4    000000f4                   : sysctl.obj (.text:SysCtlClockSet)
                  000046c8    0000009c     rtsv7M4_T_le_v4SPD16_eabi.lib : memcpy_t2.obj (.text)
                  00004764    0000007a                                   : memset_t2.obj (.text)
                  000047de    00000002                                   : mpu_init.obj (.text)
                  000047e0    00000070                                   : autoinit.obj (.text)
                  00004850    0000006a                                   : copy_decompress_rle.obj (.text)
                  000048ba    00000002                                   : startup.obj (.text)
                  000048bc    00000068     driverlib.lib : interrupt.obj (.text:IntEnable)
                  00004924    00000060                   : timer.obj (.text:TimerConfigure)
                  00004984    00000056                   : gpio.obj (.text:GPIOIntTypeSet)
                  000049da    00000002     --HOLE-- [fill = 0]
                  000049dc    00000054     rtsv7M4_T_le_v4SPD16_eabi.lib : boot.obj (.text)
                  00004a30    00000054                                   : exit.obj (.text)
                  00004a84    0000004c     driverlib.lib : i2c.obj (.text:I2CMasterInitExpClk)
                  00004ad0    0000004c     rtsv7M4_T_le_v4SPD16_eabi.lib : cpy_tbl.obj (.text)
                  00004b1c    00000048     driverlib.lib : gpio.obj (.text:GPIOPinConfigure)
                  00004b64    00000046                   : uart.obj (.text:UARTConfigSetExpClk)
                  00004baa    00000002     --HOLE-- [fill = 0]
                  00004bac    00000040                   : gpio.obj (.text:_GPIOIntNumberGet)
                  00004bec    00000040     rtsv7M4_T_le_v4SPD16_eabi.lib : u_divt2.obj (.text)
                  00004c2c    00000034     driverlib.lib : interrupt.obj (.text:IntRegister)
                  00004c60    00000034                   : sysctl.obj (.text:SysCtlPeripheralEnable)
                  00004c94    0000002a                   : gpio.obj (.text:GPIODirModeSet)
                  00004cbe    00000002     --HOLE-- [fill = 0]
                  00004cc0    00000020                   : uart.obj (.text:UARTDisable)
                  00004ce0    00000018                   : gpio.obj (.text:GPIOIntRegister)
                  00004cf8    00000018                   : gpio.obj (.text:GPIOPinTypeGPIOOutput)
                  00004d10    00000018                   : timer.obj (.text:TimerDisable)
                  00004d28    00000018     rtsv7M4_T_le_v4SPD16_eabi.lib : args_main.obj (.text)
                  00004d40    00000014     driverlib.lib : uart.obj (.text:UARTEnable)
                  00004d54    00000014     rtsv7M4_T_le_v4SPD16_eabi.lib : _lock.obj (.text)
                  00004d68    00000012     driverlib.lib : gpio.obj (.text:GPIOPinTypeGPIOInput)
                  00004d7a    00000012                   : gpio.obj (.text:GPIOPinTypeI2CSCL)
                  00004d8c    00000012                   : gpio.obj (.text:GPIOPinTypeUART)
                  00004d9e    00000012                   : timer.obj (.text:TimerLoadSet)
                  00004db0    00000010                   : interrupt.obj (.text:IntMasterEnable)
                  00004dc0    0000000e                   : gpio.obj (.text:GPIOIntDisable)
                  00004dce    0000000e                   : timer.obj (.text:TimerEnable)
                  00004ddc    0000000e                   : uart.obj (.text:UARTCharPutNonBlocking)
                  00004dea    0000000e     rtsv7M4_T_le_v4SPD16_eabi.lib : copy_decompress_none.obj (.text:decompress:none)
                  00004df8    0000000c     driverlib.lib : cpu.obj (.text:CPUcpsie)
                  00004e04    0000000c                   : gpio.obj (.text:GPIOIntEnable)
                  00004e10    0000000c     tm4c123gh6pm_startup_ccs.obj (.text)
                  00004e1c    0000000a     driverlib.lib : i2c.obj (.text:I2CMasterEnable)
                  00004e26    0000000a                   : timer.obj (.text:TimerValueGet)
                  00004e30    00000008                   : i2c.obj (.text:I2CMasterBusy)
                  00004e38    00000008                   : i2c.obj (.text:I2CMasterSlaveAddrSet)
                  00004e40    00000008                   : timer.obj (.text:TimerIntEnable)
                  00004e48    00000006                   : gpio.obj (.text:GPIOIntClear)
                  00004e4e    00000006                   : gpio.obj (.text:GPIOPinWrite)
                  00004e54    00000006                   : sysctl.obj (.text:SysCtlDelay)
                  00004e5a    00000006                   : uart.obj (.text:UARTClockSourceSet)
                  00004e60    00000006     rtsv7M4_T_le_v4SPD16_eabi.lib : copy_decompress_rle.obj (.text:decompress:rle24)
                  00004e66    00000004     driverlib.lib : i2c.obj (.text:I2CMasterControl)
                  00004e6a    00000004                   : i2c.obj (.text:I2CMasterDataGet)
                  00004e6e    00000004                   : i2c.obj (.text:I2CMasterDataPut)
                  00004e72    00000004                   : timer.obj (.text:TimerIntClear)
                  00004e76    00000004     rtsv7M4_T_le_v4SPD16_eabi.lib : pre_init.obj (.text)

.const     0    00004e7c    00000458     
                  00004e7c    0000013a     main.obj (.const:.string)
                  00004fb6    00000002     --HOLE-- [fill = 0]
                  00004fb8    000000c0     driverlib.lib : gpio.obj (.const:g_ppui32GPIOIntMapBlizzard)
                  00005078    000000c0                   : gpio.obj (.const:g_ppui32GPIOIntMapSnowflake)
                  00005138    00000090                   : gpio.obj (.const:g_pui32GPIOBaseAddrs)
                  000051c8    00000070                   : interrupt.obj (.const)
                  00005238    0000006c                   : sysctl.obj (.const:g_pui32Xtals)
                  000052a4    00000012     uartstdio.obj (.const:.string)
                  000052b6    00000002     --HOLE-- [fill = 0]
                  000052b8    0000000c     uartstdio.obj (.const:g_ui32UARTBase)
                  000052c4    0000000c     uartstdio.obj (.const:g_ui32UARTPeriph)
                  000052d0    00000004     uartstdio.obj (.const)

.cinit     0    000052d8    000000fc     
                  000052d8    000000be     (.cinit..data.load) [load image, compression = rle]
                  00005396    00000002     --HOLE-- [fill = 0]
                  00005398    0000000b     (.cinit..bss.load) [load image, compression = rle]
                  000053a3    00000005     --HOLE-- [fill = 0]
                  000053a8    0000000b     (.cinit..vtable.load) [load image, compression = rle]
                  000053b3    00000001     --HOLE-- [fill = 0]
                  000053b4    00000008     (__TI_handler_table)
                  000053bc    00000018     (__TI_cinit_table)

.init_array 
*          0    00000000    00000000     UNINITIALIZED

.vtable    0    20000000    0000026c     UNINITIALIZED
                  20000000    0000026c     driverlib.lib : interrupt.obj (.vtable)

.bss       0    2000026c    000004c3     UNINITIALIZED
                  2000026c    00000234     main.obj (.bss:g_sFatFs)
                  200004a0    00000224     (.common:fil)
                  200006c4    00000038     (.common:buff_data)
                  200006fc    00000018     (.common:accel)
                  20000714    00000004     ff.obj (.bss:FatFs)
                  20000718    00000004     (.common:buff_written)
                  2000071c    00000004     (.common:tempstr)
                  20000720    00000004     (.common:ui32Period)
                  20000724    00000004     (.common:ui32Period1)
                  20000728    00000003     mmc-dk-tm4c123g.obj (.bss)
                  2000072b    00000001     (.common:iFResult)
                  2000072c    00000002     ff.obj (.bss)
                  2000072e    00000001     (.common:iter)

.stack     0    20000730    00000200     UNINITIALIZED
                  20000730    00000200     --HOLE--

.data      0    20000930    000000f0     UNINITIALIZED
                  20000930    000000a0     main.obj (.data:g_psFResultStrings)
                  200009d0    00000030     main.obj (.data)
                  20000a00    0000000c     rtsv7M4_T_le_v4SPD16_eabi.lib : exit.obj (.data:$O1$$)
                  20000a0c    00000008                                   : _lock.obj (.data:$O1$$)
                  20000a14    00000005     uartstdio.obj (.data)
                  20000a19    00000002     mmc-dk-tm4c123g.obj (.data)
                  20000a1b    00000001     --HOLE--
                  20000a1c    00000004     rtsv7M4_T_le_v4SPD16_eabi.lib : stkdepth_vars.obj (.data)

MODULE SUMMARY

       Module                         code    ro data   rw data
       ------                         ----    -------   -------
    .\
       main.obj                       2236    314       1418   
       uartstdio.obj                  1244    46        5      
       tm4c123gh6pm_startup_ccs.obj   12      620       0      
    +--+------------------------------+-------+---------+---------+
       Total:                         3492    980       1423   
                                                               
    .\third_party\fatfs\port\
       mmc-dk-tm4c123g.obj            2420    0         5      
    +--+------------------------------+-------+---------+---------+
       Total:                         2420    0         5      
                                                               
    .\third_party\fatfs\src\
       ff.obj                         10776   0         6      
    +--+------------------------------+-------+---------+---------+
       Total:                         10776   0         6      
                                                               
    C:/ti/TivaWare_C_Series-2.1.2.111/driverlib/ccs/Debug/driverlib.lib
       gpio.obj                       710     528       0      
       interrupt.obj                  172     112       620    
       sysctl.obj                     574     108       0      
       timer.obj                      174     0         0      
       uart.obj                       142     0         0      
       i2c.obj                        114     0         0      
       cpu.obj                        12      0         0      
    +--+------------------------------+-------+---------+---------+
       Total:                         1898    748       620    
                                                               
    C:\ti\ccsv6\tools\compiler\ti-cgt-arm_15.12.1.LTS\lib\rtsv7M4_T_le_v4SPD16_eabi.lib
       memcpy_t2.obj                  156     0         0      
       memset_t2.obj                  122     0         0      
       autoinit.obj                   112     0         0      
       copy_decompress_rle.obj        112     0         0      
       exit.obj                       84      0         12     
       boot.obj                       84      0         0      
       cpy_tbl.obj                    76      0         0      
       u_divt2.obj                    64      0         0      
       _lock.obj                      20      0         8      
       args_main.obj                  24      0         0      
       copy_decompress_none.obj       14      0         0      
       pre_init.obj                   4       0         0      
       stkdepth_vars.obj              0       0         4      
       i_div0.obj                     2       0         0      
       mpu_init.obj                   2       0         0      
       startup.obj                    2       0         0      
    +--+------------------------------+-------+---------+---------+
       Total:                         878     0         24     
                                                               
       Stack:                         0       0         512    
       Linker Generated:              0       244       0      
    +--+------------------------------+-------+---------+---------+
       Grand Total:                   19464   1972      2590   


LINKER GENERATED COPY TABLES

__TI_cinit_table @ 000053bc records: 3, size/record: 8, table size: 24
	.data: load addr=000052d8, load size=000000be bytes, run addr=20000930, run size=000000f0 bytes, compression=rle
	.bss: load addr=00005398, load size=0000000b bytes, run addr=2000026c, run size=000004c3 bytes, compression=rle
	.vtable: load addr=000053a8, load size=0000000b bytes, run addr=20000000, run size=0000026c bytes, compression=rle


LINKER GENERATED HANDLER TABLE

__TI_handler_table @ 000053b4 records: 2, size/record: 4, table size: 8
	index: 0, handler: __TI_decompress_rle24
	index: 1, handler: __TI_decompress_none


GLOBAL SYMBOLS: SORTED ALPHABETICALLY BY Name 

address   name                           
-------   ----                           
00004a31  C$$EXIT                        
00004df9  CPUcpsie                       
0000363f  ConfigureUART                  
00003dc1  DownISR                        
00004c95  GPIODirModeSet                 
00004e49  GPIOIntClear                   
00004dc1  GPIOIntDisable                 
00004e05  GPIOIntEnable                  
00004ce1  GPIOIntRegister                
00004985  GPIOIntTypeSet                 
00004391  GPIOPadConfigSet               
00004b1d  GPIOPinConfigure               
00004d69  GPIOPinTypeGPIOInput           
00004cf9  GPIOPinTypeGPIOOutput          
00004d7b  GPIOPinTypeI2CSCL              
00004d8d  GPIOPinTypeUART                
00004e4f  GPIOPinWrite                   
00003cb1  GPIO_config                    
00004e31  I2CMasterBusy                  
00004e67  I2CMasterControl               
00004e6b  I2CMasterDataGet               
00004e6f  I2CMasterDataPut               
00004e1d  I2CMasterEnable                
00004a85  I2CMasterInitExpClk            
00004e39  I2CMasterSlaveAddrSet          
000048bd  IntEnable                      
00004db1  IntMasterEnable                
00004c2d  IntRegister                    
00004e11  ResetISR                       
00003771  SD_init                        
UNDEFED   SHT$$INIT_ARRAY$$Base          
UNDEFED   SHT$$INIT_ARRAY$$Limit         
000035f9  StringFromFResult              
000044c5  SysCtlClockGet                 
000045d5  SysCtlClockSet                 
00004e55  SysCtlDelay                    
00004c61  SysCtlPeripheralEnable         
00003637  SysTickHandler                 
00003d49  Timer0IntHandler               
00003d67  Timer2IntHandler               
00004925  TimerConfigure                 
00004d11  TimerDisable                   
00004dcf  TimerEnable                    
00004e73  TimerIntClear                  
00004e41  TimerIntEnable                 
00004d9f  TimerLoadSet                   
00004e27  TimerValueGet                  
00003c1d  Timer_init                     
00004ddd  UARTCharPutNonBlocking         
00004e5b  UARTClockSourceSet             
00004b65  UARTConfigSetExpClk            
00004cc1  UARTDisable                    
00004d41  UARTEnable                     
00003699  UARTSend                       
00003eb5  UARTStdioConfig                
0000402d  UARTgetc                       
00003f67  UARTgets                       
0000435b  UARTprintf                     
00004061  UARTvprintf                    
00003f15  UARTwrite                      
00003d0d  US_Sensor                      
00003d7b  UpISR                          
20000930  __STACK_END                    
00000200  __STACK_SIZE                   
20000930  __STACK_TOP                    
000053bc  __TI_CINIT_Base                
000053d4  __TI_CINIT_Limit               
000053b4  __TI_Handler_Table_Base        
000053bc  __TI_Handler_Table_Limit       
000047e1  __TI_auto_init                 
20000a00  __TI_cleanup_ptr               
00004deb  __TI_decompress_none           
00004e61  __TI_decompress_rle24          
20000a04  __TI_dtors_ptr                 
20000a08  __TI_enable_exit_profile_output
ffffffff  __TI_pprof_out_hndl            
ffffffff  __TI_prof_data_size            
ffffffff  __TI_prof_data_start           
00000000  __TI_static_base__             
000044c3  __aeabi_idiv0                  
00004765  __aeabi_memclr                 
00004765  __aeabi_memclr4                
00004765  __aeabi_memclr8                
000046c9  __aeabi_memcpy                 
000046c9  __aeabi_memcpy4                
000046c9  __aeabi_memcpy8                
00004767  __aeabi_memset                 
00004767  __aeabi_memset4                
00004767  __aeabi_memset8                
00004bed  __aeabi_uidiv                  
00004bed  __aeabi_uidivmod               
ffffffff  __binit__                      
ffffffff  __c_args__                     
000047df  __mpu_init                     
20000730  __stack                        
00004d29  _args_main                     
000049dd  _c_int00                       
20000a0c  _lock                          
00004d63  _nop                           
00004d5b  _register_lock                 
00004d55  _register_unlock               
000048bb  _system_post_cinit             
00004e77  _system_pre_init               
20000a10  _unlock                        
200009f0  a                              
00004a35  abort                          
200006fc  accel                          
ffffffff  binit                          
200006c4  buff_data                      
200009f8  buff_len                       
20000718  buff_written                   
00000505  clust2sect                     
00004ad1  copy_in                        
200009d0  count                          
200009e8  ctr                            
00003041  disk_initialize                
0000339d  disk_ioctl                     
000031fb  disk_read                      
000031e1  disk_status                    
0000359f  disk_timerproc                 
000032ab  disk_write                     
200009d4  distance                       
00004a3d  exit                           
00002a19  f_chmod                        
000020e1  f_close                        
000024db  f_getfree                      
00002101  f_lseek                        
00002833  f_mkdir                        
00001883  f_mount                        
000018d9  f_open                         
0000234f  f_opendir                      
00001aed  f_read                         
000023ff  f_readdir                      
00002b2d  f_rename                       
0000248b  f_stat                         
00001fe5  f_sync                         
0000263d  f_truncate                     
00002731  f_unlink                       
00002aa9  f_utime                        
00001d41  f_write                        
200004a0  fil                            
200009e4  flag                           
20000000  g_pfnRAMVectors                
00000000  g_pfnVectors                   
20000930  g_psFResultStrings             
00000535  get_fat                        
000035e3  get_fattime                    
200009d8  i                              
2000072b  iFResult                       
200009ec  index                          
2000072e  iter                           
200009dc  j                              
200009e0  k                              
00003819  main                           
20000a1c  main_func_sp                   
000046c9  memcpy                         
0000476d  memset                         
00000659  put_fat                        
200009fc  sdindex                        
000036c1  setup                          
2000071c  tempstr                        
200009f4  tp                             
20000720  ui32Period                     
20000724  ui32Period1                    
00003e29  uint32ToStr                    


GLOBAL SYMBOLS: SORTED BY Symbol Address 

address   name                           
-------   ----                           
00000000  __TI_static_base__             
00000000  g_pfnVectors                   
00000200  __STACK_SIZE                   
00000505  clust2sect                     
00000535  get_fat                        
00000659  put_fat                        
00001883  f_mount                        
000018d9  f_open                         
00001aed  f_read                         
00001d41  f_write                        
00001fe5  f_sync                         
000020e1  f_close                        
00002101  f_lseek                        
0000234f  f_opendir                      
000023ff  f_readdir                      
0000248b  f_stat                         
000024db  f_getfree                      
0000263d  f_truncate                     
00002731  f_unlink                       
00002833  f_mkdir                        
00002a19  f_chmod                        
00002aa9  f_utime                        
00002b2d  f_rename                       
00003041  disk_initialize                
000031e1  disk_status                    
000031fb  disk_read                      
000032ab  disk_write                     
0000339d  disk_ioctl                     
0000359f  disk_timerproc                 
000035e3  get_fattime                    
000035f9  StringFromFResult              
00003637  SysTickHandler                 
0000363f  ConfigureUART                  
00003699  UARTSend                       
000036c1  setup                          
00003771  SD_init                        
00003819  main                           
00003c1d  Timer_init                     
00003cb1  GPIO_config                    
00003d0d  US_Sensor                      
00003d49  Timer0IntHandler               
00003d67  Timer2IntHandler               
00003d7b  UpISR                          
00003dc1  DownISR                        
00003e29  uint32ToStr                    
00003eb5  UARTStdioConfig                
00003f15  UARTwrite                      
00003f67  UARTgets                       
0000402d  UARTgetc                       
00004061  UARTvprintf                    
0000435b  UARTprintf                     
00004391  GPIOPadConfigSet               
000044c3  __aeabi_idiv0                  
000044c5  SysCtlClockGet                 
000045d5  SysCtlClockSet                 
000046c9  __aeabi_memcpy                 
000046c9  __aeabi_memcpy4                
000046c9  __aeabi_memcpy8                
000046c9  memcpy                         
00004765  __aeabi_memclr                 
00004765  __aeabi_memclr4                
00004765  __aeabi_memclr8                
00004767  __aeabi_memset                 
00004767  __aeabi_memset4                
00004767  __aeabi_memset8                
0000476d  memset                         
000047df  __mpu_init                     
000047e1  __TI_auto_init                 
000048bb  _system_post_cinit             
000048bd  IntEnable                      
00004925  TimerConfigure                 
00004985  GPIOIntTypeSet                 
000049dd  _c_int00                       
00004a31  C$$EXIT                        
00004a35  abort                          
00004a3d  exit                           
00004a85  I2CMasterInitExpClk            
00004ad1  copy_in                        
00004b1d  GPIOPinConfigure               
00004b65  UARTConfigSetExpClk            
00004bed  __aeabi_uidiv                  
00004bed  __aeabi_uidivmod               
00004c2d  IntRegister                    
00004c61  SysCtlPeripheralEnable         
00004c95  GPIODirModeSet                 
00004cc1  UARTDisable                    
00004ce1  GPIOIntRegister                
00004cf9  GPIOPinTypeGPIOOutput          
00004d11  TimerDisable                   
00004d29  _args_main                     
00004d41  UARTEnable                     
00004d55  _register_unlock               
00004d5b  _register_lock                 
00004d63  _nop                           
00004d69  GPIOPinTypeGPIOInput           
00004d7b  GPIOPinTypeI2CSCL              
00004d8d  GPIOPinTypeUART                
00004d9f  TimerLoadSet                   
00004db1  IntMasterEnable                
00004dc1  GPIOIntDisable                 
00004dcf  TimerEnable                    
00004ddd  UARTCharPutNonBlocking         
00004deb  __TI_decompress_none           
00004df9  CPUcpsie                       
00004e05  GPIOIntEnable                  
00004e11  ResetISR                       
00004e1d  I2CMasterEnable                
00004e27  TimerValueGet                  
00004e31  I2CMasterBusy                  
00004e39  I2CMasterSlaveAddrSet          
00004e41  TimerIntEnable                 
00004e49  GPIOIntClear                   
00004e4f  GPIOPinWrite                   
00004e55  SysCtlDelay                    
00004e5b  UARTClockSourceSet             
00004e61  __TI_decompress_rle24          
00004e67  I2CMasterControl               
00004e6b  I2CMasterDataGet               
00004e6f  I2CMasterDataPut               
00004e73  TimerIntClear                  
00004e77  _system_pre_init               
000053b4  __TI_Handler_Table_Base        
000053bc  __TI_CINIT_Base                
000053bc  __TI_Handler_Table_Limit       
000053d4  __TI_CINIT_Limit               
20000000  g_pfnRAMVectors                
200004a0  fil                            
200006c4  buff_data                      
200006fc  accel                          
20000718  buff_written                   
2000071c  tempstr                        
20000720  ui32Period                     
20000724  ui32Period1                    
2000072b  iFResult                       
2000072e  iter                           
20000730  __stack                        
20000930  __STACK_END                    
20000930  __STACK_TOP                    
20000930  g_psFResultStrings             
200009d0  count                          
200009d4  distance                       
200009d8  i                              
200009dc  j                              
200009e0  k                              
200009e4  flag                           
200009e8  ctr                            
200009ec  index                          
200009f0  a                              
200009f4  tp                             
200009f8  buff_len                       
200009fc  sdindex                        
20000a00  __TI_cleanup_ptr               
20000a04  __TI_dtors_ptr                 
20000a08  __TI_enable_exit_profile_output
20000a0c  _lock                          
20000a10  _unlock                        
20000a1c  main_func_sp                   
ffffffff  __TI_pprof_out_hndl            
ffffffff  __TI_prof_data_size            
ffffffff  __TI_prof_data_start           
ffffffff  __binit__                      
ffffffff  __c_args__                     
ffffffff  binit                          
UNDEFED   SHT$$INIT_ARRAY$$Base          
UNDEFED   SHT$$INIT_ARRAY$$Limit         

[165 symbols]
