<?xml version="1.0"?>
<link_info>
   <banner>TI ARM Linker PC v15.12.1.LTS</banner>
   <copyright>Copyright (c) 1996-2015 Texas Instruments Incorporated</copyright>
   <link_time>0x580c0d95</link_time>
   <link_errors>0x0</link_errors>
   <output_file>roadiov1.out</output_file>
   <entry_point>
      <name>_c_int00</name>
      <address>0x49dd</address>
   </entry_point>
   <input_file_list>
      <input_file id="fl-2">
         <path>.\</path>
         <kind>object</kind>
         <file>main.obj</file>
         <name>main.obj</name>
      </input_file>
      <input_file id="fl-3">
         <path>.\</path>
         <kind>object</kind>
         <file>tm4c123gh6pm_startup_ccs.obj</file>
         <name>tm4c123gh6pm_startup_ccs.obj</name>
      </input_file>
      <input_file id="fl-4">
         <path>.\</path>
         <kind>object</kind>
         <file>uartstdio.obj</file>
         <name>uartstdio.obj</name>
      </input_file>
      <input_file id="fl-5">
         <path>.\third_party\fatfs\port\</path>
         <kind>object</kind>
         <file>mmc-dk-tm4c123g.obj</file>
         <name>mmc-dk-tm4c123g.obj</name>
      </input_file>
      <input_file id="fl-6">
         <path>.\third_party\fatfs\src\</path>
         <kind>object</kind>
         <file>ff.obj</file>
         <name>ff.obj</name>
      </input_file>
      <input_file id="fl-c">
         <path>C:\ti\TivaWare_C_Series-2.1.2.111\driverlib\ccs\Debug\</path>
         <kind>archive</kind>
         <file>driverlib.lib</file>
         <name>gpio.obj</name>
      </input_file>
      <input_file id="fl-d">
         <path>C:\ti\TivaWare_C_Series-2.1.2.111\driverlib\ccs\Debug\</path>
         <kind>archive</kind>
         <file>driverlib.lib</file>
         <name>i2c.obj</name>
      </input_file>
      <input_file id="fl-e">
         <path>C:\ti\TivaWare_C_Series-2.1.2.111\driverlib\ccs\Debug\</path>
         <kind>archive</kind>
         <file>driverlib.lib</file>
         <name>interrupt.obj</name>
      </input_file>
      <input_file id="fl-f">
         <path>C:\ti\TivaWare_C_Series-2.1.2.111\driverlib\ccs\Debug\</path>
         <kind>archive</kind>
         <file>driverlib.lib</file>
         <name>sysctl.obj</name>
      </input_file>
      <input_file id="fl-10">
         <path>C:\ti\TivaWare_C_Series-2.1.2.111\driverlib\ccs\Debug\</path>
         <kind>archive</kind>
         <file>driverlib.lib</file>
         <name>timer.obj</name>
      </input_file>
      <input_file id="fl-11">
         <path>C:\ti\TivaWare_C_Series-2.1.2.111\driverlib\ccs\Debug\</path>
         <kind>archive</kind>
         <file>driverlib.lib</file>
         <name>uart.obj</name>
      </input_file>
      <input_file id="fl-12">
         <path>C:\ti\TivaWare_C_Series-2.1.2.111\driverlib\ccs\Debug\</path>
         <kind>archive</kind>
         <file>driverlib.lib</file>
         <name>cpu.obj</name>
      </input_file>
      <input_file id="fl-c8">
         <path>C:\ti\ccsv6\tools\compiler\ti-cgt-arm_15.12.1.LTS\lib\</path>
         <kind>archive</kind>
         <file>rtsv7M4_T_le_v4SPD16_eabi.lib</file>
         <name>boot.obj</name>
      </input_file>
      <input_file id="fl-c9">
         <path>C:\ti\ccsv6\tools\compiler\ti-cgt-arm_15.12.1.LTS\lib\</path>
         <kind>archive</kind>
         <file>rtsv7M4_T_le_v4SPD16_eabi.lib</file>
         <name>copy_decompress_none.obj</name>
      </input_file>
      <input_file id="fl-ca">
         <path>C:\ti\ccsv6\tools\compiler\ti-cgt-arm_15.12.1.LTS\lib\</path>
         <kind>archive</kind>
         <file>rtsv7M4_T_le_v4SPD16_eabi.lib</file>
         <name>copy_decompress_rle.obj</name>
      </input_file>
      <input_file id="fl-cb">
         <path>C:\ti\ccsv6\tools\compiler\ti-cgt-arm_15.12.1.LTS\lib\</path>
         <kind>archive</kind>
         <file>rtsv7M4_T_le_v4SPD16_eabi.lib</file>
         <name>copy_zero_init.obj</name>
      </input_file>
      <input_file id="fl-cc">
         <path>C:\ti\ccsv6\tools\compiler\ti-cgt-arm_15.12.1.LTS\lib\</path>
         <kind>archive</kind>
         <file>rtsv7M4_T_le_v4SPD16_eabi.lib</file>
         <name>exit.obj</name>
      </input_file>
      <input_file id="fl-cd">
         <path>C:\ti\ccsv6\tools\compiler\ti-cgt-arm_15.12.1.LTS\lib\</path>
         <kind>archive</kind>
         <file>rtsv7M4_T_le_v4SPD16_eabi.lib</file>
         <name>memcpy_t2.obj</name>
      </input_file>
      <input_file id="fl-ce">
         <path>C:\ti\ccsv6\tools\compiler\ti-cgt-arm_15.12.1.LTS\lib\</path>
         <kind>archive</kind>
         <file>rtsv7M4_T_le_v4SPD16_eabi.lib</file>
         <name>memset_t2.obj</name>
      </input_file>
      <input_file id="fl-cf">
         <path>C:\ti\ccsv6\tools\compiler\ti-cgt-arm_15.12.1.LTS\lib\</path>
         <kind>archive</kind>
         <file>rtsv7M4_T_le_v4SPD16_eabi.lib</file>
         <name>mpu_init.obj</name>
      </input_file>
      <input_file id="fl-d0">
         <path>C:\ti\ccsv6\tools\compiler\ti-cgt-arm_15.12.1.LTS\lib\</path>
         <kind>archive</kind>
         <file>rtsv7M4_T_le_v4SPD16_eabi.lib</file>
         <name>pre_init.obj</name>
      </input_file>
      <input_file id="fl-d1">
         <path>C:\ti\ccsv6\tools\compiler\ti-cgt-arm_15.12.1.LTS\lib\</path>
         <kind>archive</kind>
         <file>rtsv7M4_T_le_v4SPD16_eabi.lib</file>
         <name>stkdepth_vars.obj</name>
      </input_file>
      <input_file id="fl-d2">
         <path>C:\ti\ccsv6\tools\compiler\ti-cgt-arm_15.12.1.LTS\lib\</path>
         <kind>archive</kind>
         <file>rtsv7M4_T_le_v4SPD16_eabi.lib</file>
         <name>u_divt2.obj</name>
      </input_file>
      <input_file id="fl-d3">
         <path>C:\ti\ccsv6\tools\compiler\ti-cgt-arm_15.12.1.LTS\lib\</path>
         <kind>archive</kind>
         <file>rtsv7M4_T_le_v4SPD16_eabi.lib</file>
         <name>_lock.obj</name>
      </input_file>
      <input_file id="fl-d4">
         <path>C:\ti\ccsv6\tools\compiler\ti-cgt-arm_15.12.1.LTS\lib\</path>
         <kind>archive</kind>
         <file>rtsv7M4_T_le_v4SPD16_eabi.lib</file>
         <name>args_main.obj</name>
      </input_file>
      <input_file id="fl-d5">
         <path>C:\ti\ccsv6\tools\compiler\ti-cgt-arm_15.12.1.LTS\lib\</path>
         <kind>archive</kind>
         <file>rtsv7M4_T_le_v4SPD16_eabi.lib</file>
         <name>autoinit.obj</name>
      </input_file>
      <input_file id="fl-d6">
         <path>C:\ti\ccsv6\tools\compiler\ti-cgt-arm_15.12.1.LTS\lib\</path>
         <kind>archive</kind>
         <file>rtsv7M4_T_le_v4SPD16_eabi.lib</file>
         <name>cpy_tbl.obj</name>
      </input_file>
      <input_file id="fl-d7">
         <path>C:\ti\ccsv6\tools\compiler\ti-cgt-arm_15.12.1.LTS\lib\</path>
         <kind>archive</kind>
         <file>rtsv7M4_T_le_v4SPD16_eabi.lib</file>
         <name>i_div0.obj</name>
      </input_file>
      <input_file id="fl-d8">
         <path>C:\ti\ccsv6\tools\compiler\ti-cgt-arm_15.12.1.LTS\lib\</path>
         <kind>archive</kind>
         <file>rtsv7M4_T_le_v4SPD16_eabi.lib</file>
         <name>startup.obj</name>
      </input_file>
   </input_file_list>
   <object_component_list>
      <object_component id="oc-f">
         <name>.intvecs</name>
         <load_address>0x0</load_address>
         <run_address>0x0</run_address>
         <size>0x26c</size>
         <input_file_ref idref="fl-3"/>
      </object_component>
      <object_component id="oc-cd">
         <name>.text</name>
         <load_address>0x26c</load_address>
         <run_address>0x26c</run_address>
         <size>0x2a18</size>
         <input_file_ref idref="fl-6"/>
      </object_component>
      <object_component id="oc-82">
         <name>.text</name>
         <load_address>0x2c84</load_address>
         <run_address>0x2c84</run_address>
         <size>0x974</size>
         <input_file_ref idref="fl-5"/>
      </object_component>
      <object_component id="oc-31">
         <name>.text</name>
         <load_address>0x35f8</load_address>
         <run_address>0x35f8</run_address>
         <size>0x8bc</size>
         <input_file_ref idref="fl-2"/>
      </object_component>
      <object_component id="oc-8e">
         <name>.text</name>
         <load_address>0x3eb4</load_address>
         <run_address>0x3eb4</run_address>
         <size>0x4dc</size>
         <input_file_ref idref="fl-4"/>
      </object_component>
      <object_component id="oc-12a">
         <name>.text:GPIOPadConfigSet</name>
         <load_address>0x4390</load_address>
         <run_address>0x4390</run_address>
         <size>0x132</size>
         <input_file_ref idref="fl-c"/>
      </object_component>
      <object_component id="oc-28c">
         <name>.text</name>
         <load_address>0x44c2</load_address>
         <run_address>0x44c2</run_address>
         <size>0x2</size>
         <input_file_ref idref="fl-d7"/>
      </object_component>
      <object_component id="oc-b2">
         <name>.text:SysCtlClockGet</name>
         <load_address>0x44c4</load_address>
         <run_address>0x44c4</run_address>
         <size>0x110</size>
         <input_file_ref idref="fl-f"/>
      </object_component>
      <object_component id="oc-9a">
         <name>.text:SysCtlClockSet</name>
         <load_address>0x45d4</load_address>
         <run_address>0x45d4</run_address>
         <size>0xf4</size>
         <input_file_ref idref="fl-f"/>
      </object_component>
      <object_component id="oc-3a">
         <name>.text</name>
         <load_address>0x46c8</load_address>
         <run_address>0x46c8</run_address>
         <size>0x9c</size>
         <input_file_ref idref="fl-cd"/>
      </object_component>
      <object_component id="oc-53">
         <name>.text</name>
         <load_address>0x4764</load_address>
         <run_address>0x4764</run_address>
         <size>0x7a</size>
         <input_file_ref idref="fl-ce"/>
      </object_component>
      <object_component id="oc-5f">
         <name>.text</name>
         <load_address>0x47de</load_address>
         <run_address>0x47de</run_address>
         <size>0x2</size>
         <input_file_ref idref="fl-cf"/>
      </object_component>
      <object_component id="oc-6b">
         <name>.text</name>
         <load_address>0x47e0</load_address>
         <run_address>0x47e0</run_address>
         <size>0x70</size>
         <input_file_ref idref="fl-d5"/>
      </object_component>
      <object_component id="oc-46">
         <name>.text</name>
         <load_address>0x4850</load_address>
         <run_address>0x4850</run_address>
         <size>0x6a</size>
         <input_file_ref idref="fl-ca"/>
      </object_component>
      <object_component id="oc-1a1">
         <name>.text</name>
         <load_address>0x48ba</load_address>
         <run_address>0x48ba</run_address>
         <size>0x2</size>
         <input_file_ref idref="fl-d8"/>
      </object_component>
      <object_component id="oc-109">
         <name>.text:IntEnable</name>
         <load_address>0x48bc</load_address>
         <run_address>0x48bc</run_address>
         <size>0x68</size>
         <input_file_ref idref="fl-e"/>
      </object_component>
      <object_component id="oc-fd">
         <name>.text:TimerConfigure</name>
         <load_address>0x4924</load_address>
         <run_address>0x4924</run_address>
         <size>0x60</size>
         <input_file_ref idref="fl-10"/>
      </object_component>
      <object_component id="oc-142">
         <name>.text:GPIOIntTypeSet</name>
         <load_address>0x4984</load_address>
         <run_address>0x4984</run_address>
         <size>0x56</size>
         <input_file_ref idref="fl-c"/>
      </object_component>
      <object_component id="oc-24">
         <name>.text</name>
         <load_address>0x49dc</load_address>
         <run_address>0x49dc</run_address>
         <size>0x54</size>
         <input_file_ref idref="fl-c8"/>
      </object_component>
      <object_component id="oc-77">
         <name>.text</name>
         <load_address>0x4a30</load_address>
         <run_address>0x4a30</run_address>
         <size>0x54</size>
         <input_file_ref idref="fl-cc"/>
      </object_component>
      <object_component id="oc-c4">
         <name>.text:I2CMasterInitExpClk</name>
         <load_address>0x4a84</load_address>
         <run_address>0x4a84</run_address>
         <size>0x4c</size>
         <input_file_ref idref="fl-d"/>
      </object_component>
      <object_component id="oc-19b">
         <name>.text</name>
         <load_address>0x4ad0</load_address>
         <run_address>0x4ad0</run_address>
         <size>0x4c</size>
         <input_file_ref idref="fl-d6"/>
      </object_component>
      <object_component id="oc-a6">
         <name>.text:GPIOPinConfigure</name>
         <load_address>0x4b1c</load_address>
         <run_address>0x4b1c</run_address>
         <size>0x48</size>
         <input_file_ref idref="fl-c"/>
      </object_component>
      <object_component id="oc-b8">
         <name>.text:UARTConfigSetExpClk</name>
         <load_address>0x4b64</load_address>
         <run_address>0x4b64</run_address>
         <size>0x46</size>
         <input_file_ref idref="fl-11"/>
      </object_component>
      <object_component id="oc-246">
         <name>.text:_GPIOIntNumberGet</name>
         <load_address>0x4bac</load_address>
         <run_address>0x4bac</run_address>
         <size>0x40</size>
         <input_file_ref idref="fl-c"/>
      </object_component>
      <object_component id="oc-1d3">
         <name>.text</name>
         <load_address>0x4bec</load_address>
         <run_address>0x4bec</run_address>
         <size>0x40</size>
         <input_file_ref idref="fl-d2"/>
      </object_component>
      <object_component id="oc-24c">
         <name>.text:IntRegister</name>
         <load_address>0x4c2c</load_address>
         <run_address>0x4c2c</run_address>
         <size>0x34</size>
         <input_file_ref idref="fl-e"/>
      </object_component>
      <object_component id="oc-a0">
         <name>.text:SysCtlPeripheralEnable</name>
         <load_address>0x4c60</load_address>
         <run_address>0x4c60</run_address>
         <size>0x34</size>
         <input_file_ref idref="fl-f"/>
      </object_component>
      <object_component id="oc-1eb">
         <name>.text:GPIODirModeSet</name>
         <load_address>0x4c94</load_address>
         <run_address>0x4c94</run_address>
         <size>0x2a</size>
         <input_file_ref idref="fl-c"/>
      </object_component>
      <object_component id="oc-1f6">
         <name>.text:UARTDisable</name>
         <load_address>0x4cc0</load_address>
         <run_address>0x4cc0</run_address>
         <size>0x20</size>
         <input_file_ref idref="fl-11"/>
      </object_component>
      <object_component id="oc-13c">
         <name>.text:GPIOIntRegister</name>
         <load_address>0x4ce0</load_address>
         <run_address>0x4ce0</run_address>
         <size>0x18</size>
         <input_file_ref idref="fl-c"/>
      </object_component>
      <object_component id="oc-11e">
         <name>.text:GPIOPinTypeGPIOOutput</name>
         <load_address>0x4cf8</load_address>
         <run_address>0x4cf8</run_address>
         <size>0x18</size>
         <input_file_ref idref="fl-c"/>
      </object_component>
      <object_component id="oc-161">
         <name>.text:TimerDisable</name>
         <load_address>0x4d10</load_address>
         <run_address>0x4d10</run_address>
         <size>0x18</size>
         <input_file_ref idref="fl-10"/>
      </object_component>
      <object_component id="oc-71">
         <name>.text</name>
         <load_address>0x4d28</load_address>
         <run_address>0x4d28</run_address>
         <size>0x18</size>
         <input_file_ref idref="fl-d4"/>
      </object_component>
      <object_component id="oc-1fc">
         <name>.text:UARTEnable</name>
         <load_address>0x4d40</load_address>
         <run_address>0x4d40</run_address>
         <size>0x14</size>
         <input_file_ref idref="fl-11"/>
      </object_component>
      <object_component id="oc-272">
         <name>.text</name>
         <load_address>0x4d54</load_address>
         <run_address>0x4d54</run_address>
         <size>0x14</size>
         <input_file_ref idref="fl-d3"/>
      </object_component>
      <object_component id="oc-124">
         <name>.text:GPIOPinTypeGPIOInput</name>
         <load_address>0x4d68</load_address>
         <run_address>0x4d68</run_address>
         <size>0x12</size>
         <input_file_ref idref="fl-c"/>
      </object_component>
      <object_component id="oc-be">
         <name>.text:GPIOPinTypeI2CSCL</name>
         <load_address>0x4d7a</load_address>
         <run_address>0x4d7a</run_address>
         <size>0x12</size>
         <input_file_ref idref="fl-c"/>
      </object_component>
      <object_component id="oc-ac">
         <name>.text:GPIOPinTypeUART</name>
         <load_address>0x4d8c</load_address>
         <run_address>0x4d8c</run_address>
         <size>0x12</size>
         <input_file_ref idref="fl-c"/>
      </object_component>
      <object_component id="oc-103">
         <name>.text:TimerLoadSet</name>
         <load_address>0x4d9e</load_address>
         <run_address>0x4d9e</run_address>
         <size>0x12</size>
         <input_file_ref idref="fl-10"/>
      </object_component>
      <object_component id="oc-115">
         <name>.text:IntMasterEnable</name>
         <load_address>0x4db0</load_address>
         <run_address>0x4db0</run_address>
         <size>0x10</size>
         <input_file_ref idref="fl-e"/>
      </object_component>
      <object_component id="oc-130">
         <name>.text:GPIOIntDisable</name>
         <load_address>0x4dc0</load_address>
         <run_address>0x4dc0</run_address>
         <size>0xe</size>
         <input_file_ref idref="fl-c"/>
      </object_component>
      <object_component id="oc-154">
         <name>.text:TimerEnable</name>
         <load_address>0x4dce</load_address>
         <run_address>0x4dce</run_address>
         <size>0xe</size>
         <input_file_ref idref="fl-10"/>
      </object_component>
      <object_component id="oc-94">
         <name>.text:UARTCharPutNonBlocking</name>
         <load_address>0x4ddc</load_address>
         <run_address>0x4ddc</run_address>
         <size>0xe</size>
         <input_file_ref idref="fl-11"/>
      </object_component>
      <object_component id="oc-12">
         <name>.text:decompress:none</name>
         <load_address>0x4dea</load_address>
         <run_address>0x4dea</run_address>
         <size>0xe</size>
         <input_file_ref idref="fl-c9"/>
      </object_component>
      <object_component id="oc-23a">
         <name>.text:CPUcpsie</name>
         <load_address>0x4df8</load_address>
         <run_address>0x4df8</run_address>
         <size>0xc</size>
         <input_file_ref idref="fl-12"/>
      </object_component>
      <object_component id="oc-148">
         <name>.text:GPIOIntEnable</name>
         <load_address>0x4e04</load_address>
         <run_address>0x4e04</run_address>
         <size>0xc</size>
         <input_file_ref idref="fl-c"/>
      </object_component>
      <object_component id="oc-2b">
         <name>.text</name>
         <load_address>0x4e10</load_address>
         <run_address>0x4e10</run_address>
         <size>0xc</size>
         <input_file_ref idref="fl-3"/>
      </object_component>
      <object_component id="oc-204">
         <name>.text:I2CMasterEnable</name>
         <load_address>0x4e1c</load_address>
         <run_address>0x4e1c</run_address>
         <size>0xa</size>
         <input_file_ref idref="fl-d"/>
      </object_component>
      <object_component id="oc-167">
         <name>.text:TimerValueGet</name>
         <load_address>0x4e26</load_address>
         <run_address>0x4e26</run_address>
         <size>0xa</size>
         <input_file_ref idref="fl-10"/>
      </object_component>
      <object_component id="oc-e5">
         <name>.text:I2CMasterBusy</name>
         <load_address>0x4e30</load_address>
         <run_address>0x4e30</run_address>
         <size>0x8</size>
         <input_file_ref idref="fl-d"/>
      </object_component>
      <object_component id="oc-d3">
         <name>.text:I2CMasterSlaveAddrSet</name>
         <load_address>0x4e38</load_address>
         <run_address>0x4e38</run_address>
         <size>0x8</size>
         <input_file_ref idref="fl-d"/>
      </object_component>
      <object_component id="oc-10f">
         <name>.text:TimerIntEnable</name>
         <load_address>0x4e40</load_address>
         <run_address>0x4e40</run_address>
         <size>0x8</size>
         <input_file_ref idref="fl-10"/>
      </object_component>
      <object_component id="oc-136">
         <name>.text:GPIOIntClear</name>
         <load_address>0x4e48</load_address>
         <run_address>0x4e48</run_address>
         <size>0x6</size>
         <input_file_ref idref="fl-c"/>
      </object_component>
      <object_component id="oc-14e">
         <name>.text:GPIOPinWrite</name>
         <load_address>0x4e4e</load_address>
         <run_address>0x4e4e</run_address>
         <size>0x6</size>
         <input_file_ref idref="fl-c"/>
      </object_component>
      <object_component id="oc-15a">
         <name>.text:SysCtlDelay</name>
         <load_address>0x4e54</load_address>
         <run_address>0x4e54</run_address>
         <size>0x6</size>
         <input_file_ref idref="fl-f"/>
      </object_component>
      <object_component id="oc-88">
         <name>.text:UARTClockSourceSet</name>
         <load_address>0x4e5a</load_address>
         <run_address>0x4e5a</run_address>
         <size>0x6</size>
         <input_file_ref idref="fl-11"/>
      </object_component>
      <object_component id="oc-18">
         <name>.text:decompress:rle24</name>
         <load_address>0x4e60</load_address>
         <run_address>0x4e60</run_address>
         <size>0x6</size>
         <input_file_ref idref="fl-ca"/>
      </object_component>
      <object_component id="oc-df">
         <name>.text:I2CMasterControl</name>
         <load_address>0x4e66</load_address>
         <run_address>0x4e66</run_address>
         <size>0x4</size>
         <input_file_ref idref="fl-d"/>
      </object_component>
      <object_component id="oc-eb">
         <name>.text:I2CMasterDataGet</name>
         <load_address>0x4e6a</load_address>
         <run_address>0x4e6a</run_address>
         <size>0x4</size>
         <input_file_ref idref="fl-d"/>
      </object_component>
      <object_component id="oc-d9">
         <name>.text:I2CMasterDataPut</name>
         <load_address>0x4e6e</load_address>
         <run_address>0x4e6e</run_address>
         <size>0x4</size>
         <input_file_ref idref="fl-d"/>
      </object_component>
      <object_component id="oc-15b">
         <name>.text:TimerIntClear</name>
         <load_address>0x4e72</load_address>
         <run_address>0x4e72</run_address>
         <size>0x4</size>
         <input_file_ref idref="fl-10"/>
      </object_component>
      <object_component id="oc-65">
         <name>.text</name>
         <load_address>0x4e76</load_address>
         <run_address>0x4e76</run_address>
         <size>0x4</size>
         <input_file_ref idref="fl-d0"/>
      </object_component>
      <object_component id="oc-20c">
         <name>.const:.string</name>
         <load_address>0x4e7c</load_address>
         <run_address>0x4e7c</run_address>
         <size>0x13a</size>
         <input_file_ref idref="fl-2"/>
      </object_component>
      <object_component id="oc-2b8">
         <name>.const:g_ppui32GPIOIntMapBlizzard</name>
         <load_address>0x4fb8</load_address>
         <run_address>0x4fb8</run_address>
         <size>0xc0</size>
         <input_file_ref idref="fl-c"/>
      </object_component>
      <object_component id="oc-2bb">
         <name>.const:g_ppui32GPIOIntMapSnowflake</name>
         <load_address>0x5078</load_address>
         <run_address>0x5078</run_address>
         <size>0xc0</size>
         <input_file_ref idref="fl-c"/>
      </object_component>
      <object_component id="oc-1e6">
         <name>.const:g_pui32GPIOBaseAddrs</name>
         <load_address>0x5138</load_address>
         <run_address>0x5138</run_address>
         <size>0x90</size>
         <input_file_ref idref="fl-c"/>
      </object_component>
      <object_component id="oc-234">
         <name>.const</name>
         <load_address>0x51c8</load_address>
         <run_address>0x51c8</run_address>
         <size>0x70</size>
         <input_file_ref idref="fl-e"/>
      </object_component>
      <object_component id="oc-1f2">
         <name>.const:g_pui32Xtals</name>
         <load_address>0x5238</load_address>
         <run_address>0x5238</run_address>
         <size>0x6c</size>
         <input_file_ref idref="fl-f"/>
      </object_component>
      <object_component id="oc-293">
         <name>.const:.string</name>
         <load_address>0x52a4</load_address>
         <run_address>0x52a4</run_address>
         <size>0x12</size>
         <input_file_ref idref="fl-4"/>
      </object_component>
      <object_component id="oc-1d0">
         <name>.const:g_ui32UARTBase</name>
         <load_address>0x52b8</load_address>
         <run_address>0x52b8</run_address>
         <size>0xc</size>
         <input_file_ref idref="fl-4"/>
      </object_component>
      <object_component id="oc-1ca">
         <name>.const:g_ui32UARTPeriph</name>
         <load_address>0x52c4</load_address>
         <run_address>0x52c4</run_address>
         <size>0xc</size>
         <input_file_ref idref="fl-4"/>
      </object_component>
      <object_component id="oc-1d8">
         <name>.const</name>
         <load_address>0x52d0</load_address>
         <run_address>0x52d0</run_address>
         <size>0x4</size>
         <input_file_ref idref="fl-4"/>
      </object_component>
      <object_component id="oc-2f6">
         <name>.cinit..data.load</name>
         <load_address>0x52d8</load_address>
         <run_address>0x52d8</run_address>
         <size>0xbe</size>
      </object_component>
      <object_component id="oc-2f7">
         <name>.cinit..bss.load</name>
         <load_address>0x5398</load_address>
         <run_address>0x5398</run_address>
         <size>0xb</size>
      </object_component>
      <object_component id="oc-2f5">
         <name>.cinit..vtable.load</name>
         <load_address>0x53a8</load_address>
         <run_address>0x53a8</run_address>
         <size>0xb</size>
      </object_component>
      <object_component id="oc-2f3">
         <name>__TI_handler_table</name>
         <load_address>0x53b4</load_address>
         <run_address>0x53b4</run_address>
         <size>0x8</size>
      </object_component>
      <object_component id="oc-2f4">
         <name>__TI_cinit_table</name>
         <load_address>0x53bc</load_address>
         <run_address>0x53bc</run_address>
         <size>0x18</size>
      </object_component>
      <object_component id="oc-2bf">
         <name>.vtable</name>
         <uninitialized>true</uninitialized>
         <run_address>0x20000000</run_address>
         <size>0x26c</size>
         <input_file_ref idref="fl-e"/>
      </object_component>
      <object_component id="oc-ca">
         <name>.data:g_psFResultStrings</name>
         <load_address>0x20000930</load_address>
         <run_address>0x20000930</run_address>
         <size>0xa0</size>
         <input_file_ref idref="fl-2"/>
      </object_component>
      <object_component id="oc-f9">
         <name>.data</name>
         <load_address>0x200009d0</load_address>
         <run_address>0x200009d0</run_address>
         <size>0x30</size>
         <input_file_ref idref="fl-2"/>
      </object_component>
      <object_component id="oc-1cd">
         <name>.data</name>
         <load_address>0x20000a14</load_address>
         <run_address>0x20000a14</run_address>
         <size>0x5</size>
         <input_file_ref idref="fl-4"/>
      </object_component>
      <object_component id="oc-1b9">
         <name>.data</name>
         <load_address>0x20000a19</load_address>
         <run_address>0x20000a19</run_address>
         <size>0x2</size>
         <input_file_ref idref="fl-5"/>
      </object_component>
      <object_component id="oc-1ab">
         <name>.data:$O1$$</name>
         <load_address>0x20000a00</load_address>
         <run_address>0x20000a00</run_address>
         <size>0xc</size>
         <input_file_ref idref="fl-cc"/>
      </object_component>
      <object_component id="oc-7d">
         <name>.data</name>
         <load_address>0x20000a1c</load_address>
         <run_address>0x20000a1c</run_address>
         <size>0x4</size>
         <input_file_ref idref="fl-d1"/>
      </object_component>
      <object_component id="oc-1ae">
         <name>.data:$O1$$</name>
         <load_address>0x20000a0c</load_address>
         <run_address>0x20000a0c</run_address>
         <size>0x8</size>
         <input_file_ref idref="fl-d3"/>
      </object_component>
      <object_component id="oc-f4">
         <name>.bss:g_sFatFs</name>
         <uninitialized>true</uninitialized>
         <run_address>0x2000026c</run_address>
         <size>0x234</size>
         <input_file_ref idref="fl-2"/>
      </object_component>
      <object_component id="oc-1b6">
         <name>.bss</name>
         <uninitialized>true</uninitialized>
         <run_address>0x20000728</run_address>
         <size>0x3</size>
         <input_file_ref idref="fl-5"/>
      </object_component>
      <object_component id="oc-20f">
         <name>.bss:FatFs</name>
         <uninitialized>true</uninitialized>
         <run_address>0x20000714</run_address>
         <size>0x4</size>
         <input_file_ref idref="fl-6"/>
      </object_component>
      <object_component id="oc-212">
         <name>.bss</name>
         <uninitialized>true</uninitialized>
         <run_address>0x2000072c</run_address>
         <size>0x2</size>
         <input_file_ref idref="fl-6"/>
      </object_component>
      <object_component id="oc-16d">
         <name>.common:ui32Period</name>
         <uninitialized>true</uninitialized>
         <run_address>0x20000720</run_address>
         <size>0x4</size>
      </object_component>
      <object_component id="oc-16e">
         <name>.common:ui32Period1</name>
         <uninitialized>true</uninitialized>
         <run_address>0x20000724</run_address>
         <size>0x4</size>
      </object_component>
      <object_component id="oc-fc">
         <name>.common:iter</name>
         <uninitialized>true</uninitialized>
         <run_address>0x2000072e</run_address>
         <size>0x1</size>
      </object_component>
      <object_component id="oc-11b">
         <name>.common:accel</name>
         <uninitialized>true</uninitialized>
         <run_address>0x200006fc</run_address>
         <size>0x18</size>
      </object_component>
      <object_component id="oc-f1">
         <name>.common:iFResult</name>
         <uninitialized>true</uninitialized>
         <run_address>0x2000072b</run_address>
         <size>0x1</size>
      </object_component>
      <object_component id="oc-f7">
         <name>.common:fil</name>
         <uninitialized>true</uninitialized>
         <run_address>0x200004a0</run_address>
         <size>0x224</size>
      </object_component>
      <object_component id="oc-f8">
         <name>.common:buff_written</name>
         <uninitialized>true</uninitialized>
         <run_address>0x20000718</run_address>
         <size>0x4</size>
      </object_component>
      <object_component id="oc-11d">
         <name>.common:buff_data</name>
         <uninitialized>true</uninitialized>
         <run_address>0x200006c4</run_address>
         <size>0x38</size>
      </object_component>
      <object_component id="oc-11c">
         <name>.common:tempstr</name>
         <uninitialized>true</uninitialized>
         <run_address>0x2000071c</run_address>
         <size>0x4</size>
      </object_component>
      <object_component id="oc-2a">
         <name>.stack</name>
         <uninitialized>true</uninitialized>
         <run_address>0x20000730</run_address>
         <size>0x0</size>
         <input_file_ref idref="fl-c8"/>
      </object_component>
      <object_component id="oc-2f8">
         <name>.stack</name>
         <uninitialized>true</uninitialized>
         <run_address>0x20000730</run_address>
         <size>0x0</size>
      </object_component>
      <object_component id="oc-f2">
         <name>.debug_info</name>
         <load_address>0x0</load_address>
         <run_address>0x0</run_address>
         <size>0xeeb</size>
         <input_file_ref idref="fl-2"/>
      </object_component>
      <object_component id="oc-f5">
         <name>.debug_info</name>
         <load_address>0xeeb</load_address>
         <run_address>0xeeb</run_address>
         <size>0xd6</size>
         <input_file_ref idref="fl-2"/>
      </object_component>
      <object_component id="oc-cb">
         <name>.debug_info</name>
         <load_address>0xfc1</load_address>
         <run_address>0xfc1</run_address>
         <size>0xeb</size>
         <input_file_ref idref="fl-2"/>
      </object_component>
      <object_component id="oc-fa">
         <name>.debug_info</name>
         <load_address>0x10ac</load_address>
         <run_address>0x10ac</run_address>
         <size>0x1de</size>
         <input_file_ref idref="fl-2"/>
      </object_component>
      <object_component id="oc-32">
         <name>.debug_info</name>
         <load_address>0x128a</load_address>
         <run_address>0x128a</run_address>
         <size>0xf90</size>
         <input_file_ref idref="fl-2"/>
      </object_component>
      <object_component id="oc-170">
         <name>.debug_info</name>
         <load_address>0x221a</load_address>
         <run_address>0x221a</run_address>
         <size>0x4c5</size>
         <input_file_ref idref="fl-2"/>
      </object_component>
      <object_component id="oc-1bd">
         <name>.debug_info</name>
         <load_address>0x26df</load_address>
         <run_address>0x26df</run_address>
         <size>0xe4</size>
         <input_file_ref idref="fl-2"/>
      </object_component>
      <object_component id="oc-1c3">
         <name>.debug_info</name>
         <load_address>0x27c3</load_address>
         <run_address>0x27c3</run_address>
         <size>0x70</size>
         <input_file_ref idref="fl-2"/>
      </object_component>
      <object_component id="oc-21e">
         <name>.debug_info</name>
         <load_address>0x2833</load_address>
         <run_address>0x2833</run_address>
         <size>0x4e6</size>
         <input_file_ref idref="fl-2"/>
      </object_component>
      <object_component id="oc-223">
         <name>.debug_info</name>
         <load_address>0x2d19</load_address>
         <run_address>0x2d19</run_address>
         <size>0x5e</size>
         <input_file_ref idref="fl-2"/>
      </object_component>
      <object_component id="oc-228">
         <name>.debug_info</name>
         <load_address>0x2d77</load_address>
         <run_address>0x2d77</run_address>
         <size>0x6bd</size>
         <input_file_ref idref="fl-2"/>
      </object_component>
      <object_component id="oc-17a">
         <name>.debug_info</name>
         <load_address>0x3434</load_address>
         <run_address>0x3434</run_address>
         <size>0x8b</size>
         <input_file_ref idref="fl-2"/>
      </object_component>
      <object_component id="oc-175">
         <name>.debug_info</name>
         <load_address>0x34bf</load_address>
         <run_address>0x34bf</run_address>
         <size>0x18b</size>
         <input_file_ref idref="fl-2"/>
      </object_component>
      <object_component id="oc-1dd">
         <name>.debug_info</name>
         <load_address>0x364a</load_address>
         <run_address>0x364a</run_address>
         <size>0x4e</size>
         <input_file_ref idref="fl-2"/>
      </object_component>
      <object_component id="oc-39">
         <name>.debug_info</name>
         <load_address>0x3698</load_address>
         <run_address>0x3698</run_address>
         <size>0x17c</size>
         <input_file_ref idref="fl-3"/>
      </object_component>
      <object_component id="oc-10">
         <name>.debug_info</name>
         <load_address>0x3814</load_address>
         <run_address>0x3814</run_address>
         <size>0xf3</size>
         <input_file_ref idref="fl-3"/>
      </object_component>
      <object_component id="oc-2c">
         <name>.debug_info</name>
         <load_address>0x3907</load_address>
         <run_address>0x3907</run_address>
         <size>0x26f</size>
         <input_file_ref idref="fl-3"/>
      </object_component>
      <object_component id="oc-189">
         <name>.debug_info</name>
         <load_address>0x3b76</load_address>
         <run_address>0x3b76</run_address>
         <size>0x84</size>
         <input_file_ref idref="fl-3"/>
      </object_component>
      <object_component id="oc-1dc">
         <name>.debug_info</name>
         <load_address>0x3bfa</load_address>
         <run_address>0x3bfa</run_address>
         <size>0xf8</size>
         <input_file_ref idref="fl-4"/>
      </object_component>
      <object_component id="oc-1ce">
         <name>.debug_info</name>
         <load_address>0x3cf2</load_address>
         <run_address>0x3cf2</run_address>
         <size>0xdf</size>
         <input_file_ref idref="fl-4"/>
      </object_component>
      <object_component id="oc-1d9">
         <name>.debug_info</name>
         <load_address>0x3dd1</load_address>
         <run_address>0x3dd1</run_address>
         <size>0xd9</size>
         <input_file_ref idref="fl-4"/>
      </object_component>
      <object_component id="oc-1d1">
         <name>.debug_info</name>
         <load_address>0x3eaa</load_address>
         <run_address>0x3eaa</run_address>
         <size>0xe7</size>
         <input_file_ref idref="fl-4"/>
      </object_component>
      <object_component id="oc-1cb">
         <name>.debug_info</name>
         <load_address>0x3f91</load_address>
         <run_address>0x3f91</run_address>
         <size>0xeb</size>
         <input_file_ref idref="fl-4"/>
      </object_component>
      <object_component id="oc-8f">
         <name>.debug_info</name>
         <load_address>0x407c</load_address>
         <run_address>0x407c</run_address>
         <size>0x707</size>
         <input_file_ref idref="fl-4"/>
      </object_component>
      <object_component id="oc-1c2">
         <name>.debug_info</name>
         <load_address>0x4783</load_address>
         <run_address>0x4783</run_address>
         <size>0x134</size>
         <input_file_ref idref="fl-5"/>
      </object_component>
      <object_component id="oc-1ba">
         <name>.debug_info</name>
         <load_address>0x48b7</load_address>
         <run_address>0x48b7</run_address>
         <size>0x131</size>
         <input_file_ref idref="fl-5"/>
      </object_component>
      <object_component id="oc-1b7">
         <name>.debug_info</name>
         <load_address>0x49e8</load_address>
         <run_address>0x49e8</run_address>
         <size>0x14f</size>
         <input_file_ref idref="fl-5"/>
      </object_component>
      <object_component id="oc-83">
         <name>.debug_info</name>
         <load_address>0x4b37</load_address>
         <run_address>0x4b37</run_address>
         <size>0x1c19</size>
         <input_file_ref idref="fl-5"/>
      </object_component>
      <object_component id="oc-216">
         <name>.debug_info</name>
         <load_address>0x6750</load_address>
         <run_address>0x6750</run_address>
         <size>0x2d0</size>
         <input_file_ref idref="fl-6"/>
      </object_component>
      <object_component id="oc-210">
         <name>.debug_info</name>
         <load_address>0x6a20</load_address>
         <run_address>0x6a20</run_address>
         <size>0x104</size>
         <input_file_ref idref="fl-6"/>
      </object_component>
      <object_component id="oc-213">
         <name>.debug_info</name>
         <load_address>0x6b24</load_address>
         <run_address>0x6b24</run_address>
         <size>0x102</size>
         <input_file_ref idref="fl-6"/>
      </object_component>
      <object_component id="oc-d0">
         <name>.debug_info</name>
         <load_address>0x6c26</load_address>
         <run_address>0x6c26</run_address>
         <size>0x3de4</size>
         <input_file_ref idref="fl-6"/>
      </object_component>
      <object_component id="oc-1ea">
         <name>.debug_info</name>
         <load_address>0xaa0a</load_address>
         <run_address>0xaa0a</run_address>
         <size>0x230</size>
         <input_file_ref idref="fl-c"/>
      </object_component>
      <object_component id="oc-2b9">
         <name>.debug_info</name>
         <load_address>0xac3a</load_address>
         <run_address>0xac3a</run_address>
         <size>0x167</size>
         <input_file_ref idref="fl-c"/>
      </object_component>
      <object_component id="oc-2bc">
         <name>.debug_info</name>
         <load_address>0xada1</load_address>
         <run_address>0xada1</run_address>
         <size>0x169</size>
         <input_file_ref idref="fl-c"/>
      </object_component>
      <object_component id="oc-1e7">
         <name>.debug_info</name>
         <load_address>0xaf0a</load_address>
         <run_address>0xaf0a</run_address>
         <size>0x15b</size>
         <input_file_ref idref="fl-c"/>
      </object_component>
      <object_component id="oc-151">
         <name>.debug_info</name>
         <load_address>0xb065</load_address>
         <run_address>0xb065</run_address>
         <size>0x2a3</size>
         <input_file_ref idref="fl-c"/>
      </object_component>
      <object_component id="oc-1ed">
         <name>.debug_info</name>
         <load_address>0xb308</load_address>
         <run_address>0xb308</run_address>
         <size>0x2b3</size>
         <input_file_ref idref="fl-c"/>
      </object_component>
      <object_component id="oc-12c">
         <name>.debug_info</name>
         <load_address>0xb5bb</load_address>
         <run_address>0xb5bb</run_address>
         <size>0x316</size>
         <input_file_ref idref="fl-c"/>
      </object_component>
      <object_component id="oc-ae">
         <name>.debug_info</name>
         <load_address>0xb8d1</load_address>
         <run_address>0xb8d1</run_address>
         <size>0x27b</size>
         <input_file_ref idref="fl-c"/>
      </object_component>
      <object_component id="oc-c0">
         <name>.debug_info</name>
         <load_address>0xbb4c</load_address>
         <run_address>0xbb4c</run_address>
         <size>0x27f</size>
         <input_file_ref idref="fl-c"/>
      </object_component>
      <object_component id="oc-120">
         <name>.debug_info</name>
         <load_address>0xbdcb</load_address>
         <run_address>0xbdcb</run_address>
         <size>0x2b7</size>
         <input_file_ref idref="fl-c"/>
      </object_component>
      <object_component id="oc-126">
         <name>.debug_info</name>
         <load_address>0xc082</load_address>
         <run_address>0xc082</run_address>
         <size>0x285</size>
         <input_file_ref idref="fl-c"/>
      </object_component>
      <object_component id="oc-a8">
         <name>.debug_info</name>
         <load_address>0xc307</load_address>
         <run_address>0xc307</run_address>
         <size>0x280</size>
         <input_file_ref idref="fl-c"/>
      </object_component>
      <object_component id="oc-248">
         <name>.debug_info</name>
         <load_address>0xc587</load_address>
         <run_address>0xc587</run_address>
         <size>0x27e</size>
         <input_file_ref idref="fl-c"/>
      </object_component>
      <object_component id="oc-144">
         <name>.debug_info</name>
         <load_address>0xc805</load_address>
         <run_address>0xc805</run_address>
         <size>0x2bb</size>
         <input_file_ref idref="fl-c"/>
      </object_component>
      <object_component id="oc-13e">
         <name>.debug_info</name>
         <load_address>0xcac0</load_address>
         <run_address>0xcac0</run_address>
         <size>0x2cf</size>
         <input_file_ref idref="fl-c"/>
      </object_component>
      <object_component id="oc-14a">
         <name>.debug_info</name>
         <load_address>0xcd8f</load_address>
         <run_address>0xcd8f</run_address>
         <size>0x28f</size>
         <input_file_ref idref="fl-c"/>
      </object_component>
      <object_component id="oc-132">
         <name>.debug_info</name>
         <load_address>0xd01e</load_address>
         <run_address>0xd01e</run_address>
         <size>0x291</size>
         <input_file_ref idref="fl-c"/>
      </object_component>
      <object_component id="oc-138">
         <name>.debug_info</name>
         <load_address>0xd2af</load_address>
         <run_address>0xd2af</run_address>
         <size>0x28d</size>
         <input_file_ref idref="fl-c"/>
      </object_component>
      <object_component id="oc-20b">
         <name>.debug_info</name>
         <load_address>0xd53c</load_address>
         <run_address>0xd53c</run_address>
         <size>0x231</size>
         <input_file_ref idref="fl-d"/>
      </object_component>
      <object_component id="oc-d4">
         <name>.debug_info</name>
         <load_address>0xd76d</load_address>
         <run_address>0xd76d</run_address>
         <size>0x2ce</size>
         <input_file_ref idref="fl-d"/>
      </object_component>
      <object_component id="oc-207">
         <name>.debug_info</name>
         <load_address>0xda3b</load_address>
         <run_address>0xda3b</run_address>
         <size>0x24e</size>
         <input_file_ref idref="fl-d"/>
      </object_component>
      <object_component id="oc-c7">
         <name>.debug_info</name>
         <load_address>0xdc89</load_address>
         <run_address>0xdc89</run_address>
         <size>0x2d5</size>
         <input_file_ref idref="fl-d"/>
      </object_component>
      <object_component id="oc-dc">
         <name>.debug_info</name>
         <load_address>0xdf5e</load_address>
         <run_address>0xdf5e</run_address>
         <size>0x27e</size>
         <input_file_ref idref="fl-d"/>
      </object_component>
      <object_component id="oc-ee">
         <name>.debug_info</name>
         <load_address>0xe1dc</load_address>
         <run_address>0xe1dc</run_address>
         <size>0x254</size>
         <input_file_ref idref="fl-d"/>
      </object_component>
      <object_component id="oc-e2">
         <name>.debug_info</name>
         <load_address>0xe430</load_address>
         <run_address>0xe430</run_address>
         <size>0x27e</size>
         <input_file_ref idref="fl-d"/>
      </object_component>
      <object_component id="oc-e8">
         <name>.debug_info</name>
         <load_address>0xe6ae</load_address>
         <run_address>0xe6ae</run_address>
         <size>0x24e</size>
         <input_file_ref idref="fl-d"/>
      </object_component>
      <object_component id="oc-238">
         <name>.debug_info</name>
         <load_address>0xe8fc</load_address>
         <run_address>0xe8fc</run_address>
         <size>0x20e</size>
         <input_file_ref idref="fl-e"/>
      </object_component>
      <object_component id="oc-235">
         <name>.debug_info</name>
         <load_address>0xeb0a</load_address>
         <run_address>0xeb0a</run_address>
         <size>0x210</size>
         <input_file_ref idref="fl-e"/>
      </object_component>
      <object_component id="oc-2c0">
         <name>.debug_info</name>
         <load_address>0xed1a</load_address>
         <run_address>0xed1a</run_address>
         <size>0x157</size>
         <input_file_ref idref="fl-e"/>
      </object_component>
      <object_component id="oc-24d">
         <name>.debug_info</name>
         <load_address>0xee71</load_address>
         <run_address>0xee71</run_address>
         <size>0x2c1</size>
         <input_file_ref idref="fl-e"/>
      </object_component>
      <object_component id="oc-118">
         <name>.debug_info</name>
         <load_address>0xf132</load_address>
         <run_address>0xf132</run_address>
         <size>0x23e</size>
         <input_file_ref idref="fl-e"/>
      </object_component>
      <object_component id="oc-10b">
         <name>.debug_info</name>
         <load_address>0xf370</load_address>
         <run_address>0xf370</run_address>
         <size>0x268</size>
         <input_file_ref idref="fl-e"/>
      </object_component>
      <object_component id="oc-1e4">
         <name>.debug_info</name>
         <load_address>0xf5d8</load_address>
         <run_address>0xf5d8</run_address>
         <size>0x27f</size>
         <input_file_ref idref="fl-f"/>
      </object_component>
      <object_component id="oc-1f3">
         <name>.debug_info</name>
         <load_address>0xf857</load_address>
         <run_address>0xf857</run_address>
         <size>0x14d</size>
         <input_file_ref idref="fl-f"/>
      </object_component>
      <object_component id="oc-a1">
         <name>.debug_info</name>
         <load_address>0xf9a4</load_address>
         <run_address>0xf9a4</run_address>
         <size>0x27d</size>
         <input_file_ref idref="fl-f"/>
      </object_component>
      <object_component id="oc-9b">
         <name>.debug_info</name>
         <load_address>0xfc21</load_address>
         <run_address>0xfc21</run_address>
         <size>0x2db</size>
         <input_file_ref idref="fl-f"/>
      </object_component>
      <object_component id="oc-b3">
         <name>.debug_info</name>
         <load_address>0xfefc</load_address>
         <run_address>0xfefc</run_address>
         <size>0x2b5</size>
         <input_file_ref idref="fl-f"/>
      </object_component>
      <object_component id="oc-29a">
         <name>.debug_info</name>
         <load_address>0x101b1</load_address>
         <run_address>0x101b1</run_address>
         <size>0x5f</size>
         <input_file_ref idref="fl-f"/>
      </object_component>
      <object_component id="oc-232">
         <name>.debug_info</name>
         <load_address>0x10210</load_address>
         <run_address>0x10210</run_address>
         <size>0x223</size>
         <input_file_ref idref="fl-10"/>
      </object_component>
      <object_component id="oc-169">
         <name>.debug_info</name>
         <load_address>0x10433</load_address>
         <run_address>0x10433</run_address>
         <size>0x28a</size>
         <input_file_ref idref="fl-10"/>
      </object_component>
      <object_component id="oc-106">
         <name>.debug_info</name>
         <load_address>0x106bd</load_address>
         <run_address>0x106bd</run_address>
         <size>0x2ba</size>
         <input_file_ref idref="fl-10"/>
      </object_component>
      <object_component id="oc-112">
         <name>.debug_info</name>
         <load_address>0x10977</load_address>
         <run_address>0x10977</run_address>
         <size>0x294</size>
         <input_file_ref idref="fl-10"/>
      </object_component>
      <object_component id="oc-15e">
         <name>.debug_info</name>
         <load_address>0x10c0b</load_address>
         <run_address>0x10c0b</run_address>
         <size>0x292</size>
         <input_file_ref idref="fl-10"/>
      </object_component>
      <object_component id="oc-157">
         <name>.debug_info</name>
         <load_address>0x10e9d</load_address>
         <run_address>0x10e9d</run_address>
         <size>0x27f</size>
         <input_file_ref idref="fl-10"/>
      </object_component>
      <object_component id="oc-164">
         <name>.debug_info</name>
         <load_address>0x1111c</load_address>
         <run_address>0x1111c</run_address>
         <size>0x281</size>
         <input_file_ref idref="fl-10"/>
      </object_component>
      <object_component id="oc-100">
         <name>.debug_info</name>
         <load_address>0x1139d</load_address>
         <run_address>0x1139d</run_address>
         <size>0x28c</size>
         <input_file_ref idref="fl-10"/>
      </object_component>
      <object_component id="oc-1c9">
         <name>.debug_info</name>
         <load_address>0x11629</load_address>
         <run_address>0x11629</run_address>
         <size>0x227</size>
         <input_file_ref idref="fl-11"/>
      </object_component>
      <object_component id="oc-1fd">
         <name>.debug_info</name>
         <load_address>0x11850</load_address>
         <run_address>0x11850</run_address>
         <size>0x247</size>
         <input_file_ref idref="fl-11"/>
      </object_component>
      <object_component id="oc-1f7">
         <name>.debug_info</name>
         <load_address>0x11a97</load_address>
         <run_address>0x11a97</run_address>
         <size>0x249</size>
         <input_file_ref idref="fl-11"/>
      </object_component>
      <object_component id="oc-b9">
         <name>.debug_info</name>
         <load_address>0x11ce0</load_address>
         <run_address>0x11ce0</run_address>
         <size>0x326</size>
         <input_file_ref idref="fl-11"/>
      </object_component>
      <object_component id="oc-89">
         <name>.debug_info</name>
         <load_address>0x12006</load_address>
         <run_address>0x12006</run_address>
         <size>0x291</size>
         <input_file_ref idref="fl-11"/>
      </object_component>
      <object_component id="oc-95">
         <name>.debug_info</name>
         <load_address>0x12297</load_address>
         <run_address>0x12297</run_address>
         <size>0x28d</size>
         <input_file_ref idref="fl-11"/>
      </object_component>
      <object_component id="oc-23b">
         <name>.debug_info</name>
         <load_address>0x12524</load_address>
         <run_address>0x12524</run_address>
         <size>0x212</size>
         <input_file_ref idref="fl-12"/>
      </object_component>
      <object_component id="oc-25">
         <name>.debug_info</name>
         <load_address>0x12736</load_address>
         <run_address>0x12736</run_address>
         <size>0x17c</size>
         <input_file_ref idref="fl-c8"/>
      </object_component>
      <object_component id="oc-45">
         <name>.debug_info</name>
         <load_address>0x128b2</load_address>
         <run_address>0x128b2</run_address>
         <size>0x15c</size>
         <input_file_ref idref="fl-c9"/>
      </object_component>
      <object_component id="oc-14">
         <name>.debug_info</name>
         <load_address>0x12a0e</load_address>
         <run_address>0x12a0e</run_address>
         <size>0x1fb</size>
         <input_file_ref idref="fl-c9"/>
      </object_component>
      <object_component id="oc-40">
         <name>.debug_info</name>
         <load_address>0x12c09</load_address>
         <run_address>0x12c09</run_address>
         <size>0x46</size>
         <input_file_ref idref="fl-c9"/>
      </object_component>
      <object_component id="oc-182">
         <name>.debug_info</name>
         <load_address>0x12c4f</load_address>
         <run_address>0x12c4f</run_address>
         <size>0x2c</size>
         <input_file_ref idref="fl-c9"/>
      </object_component>
      <object_component id="oc-4d">
         <name>.debug_info</name>
         <load_address>0x12c7b</load_address>
         <run_address>0x12c7b</run_address>
         <size>0x150</size>
         <input_file_ref idref="fl-ca"/>
      </object_component>
      <object_component id="oc-47">
         <name>.debug_info</name>
         <load_address>0x12dcb</load_address>
         <run_address>0x12dcb</run_address>
         <size>0x263</size>
         <input_file_ref idref="fl-ca"/>
      </object_component>
      <object_component id="oc-1b">
         <name>.debug_info</name>
         <load_address>0x1302e</load_address>
         <run_address>0x1302e</run_address>
         <size>0x1cd</size>
         <input_file_ref idref="fl-ca"/>
      </object_component>
      <object_component id="oc-4e">
         <name>.debug_info</name>
         <load_address>0x131fb</load_address>
         <run_address>0x131fb</run_address>
         <size>0x39</size>
         <input_file_ref idref="fl-ca"/>
      </object_component>
      <object_component id="oc-191">
         <name>.debug_info</name>
         <load_address>0x13234</load_address>
         <run_address>0x13234</run_address>
         <size>0x2c</size>
         <input_file_ref idref="fl-ca"/>
      </object_component>
      <object_component id="oc-1b2">
         <name>.debug_info</name>
         <load_address>0x13260</load_address>
         <run_address>0x13260</run_address>
         <size>0x250</size>
         <input_file_ref idref="fl-cc"/>
      </object_component>
      <object_component id="oc-1ac">
         <name>.debug_info</name>
         <load_address>0x134b0</load_address>
         <run_address>0x134b0</run_address>
         <size>0x1a1</size>
         <input_file_ref idref="fl-cc"/>
      </object_component>
      <object_component id="oc-79">
         <name>.debug_info</name>
         <load_address>0x13651</load_address>
         <run_address>0x13651</run_address>
         <size>0x230</size>
         <input_file_ref idref="fl-cc"/>
      </object_component>
      <object_component id="oc-3b">
         <name>.debug_info</name>
         <load_address>0x13881</load_address>
         <run_address>0x13881</run_address>
         <size>0x12d</size>
         <input_file_ref idref="fl-cd"/>
      </object_component>
      <object_component id="oc-54">
         <name>.debug_info</name>
         <load_address>0x139ae</load_address>
         <run_address>0x139ae</run_address>
         <size>0x15b</size>
         <input_file_ref idref="fl-ce"/>
      </object_component>
      <object_component id="oc-60">
         <name>.debug_info</name>
         <load_address>0x13b09</load_address>
         <run_address>0x13b09</run_address>
         <size>0x154</size>
         <input_file_ref idref="fl-cf"/>
      </object_component>
      <object_component id="oc-68">
         <name>.debug_info</name>
         <load_address>0x13c5d</load_address>
         <run_address>0x13c5d</run_address>
         <size>0x164</size>
         <input_file_ref idref="fl-d0"/>
      </object_component>
      <object_component id="oc-7e">
         <name>.debug_info</name>
         <load_address>0x13dc1</load_address>
         <run_address>0x13dc1</run_address>
         <size>0x125</size>
         <input_file_ref idref="fl-d1"/>
      </object_component>
      <object_component id="oc-1d4">
         <name>.debug_info</name>
         <load_address>0x13ee6</load_address>
         <run_address>0x13ee6</run_address>
         <size>0x156</size>
         <input_file_ref idref="fl-d2"/>
      </object_component>
      <object_component id="oc-27a">
         <name>.debug_info</name>
         <load_address>0x1403c</load_address>
         <run_address>0x1403c</run_address>
         <size>0x140</size>
         <input_file_ref idref="fl-d3"/>
      </object_component>
      <object_component id="oc-1af">
         <name>.debug_info</name>
         <load_address>0x1417c</load_address>
         <run_address>0x1417c</run_address>
         <size>0x12f</size>
         <input_file_ref idref="fl-d3"/>
      </object_component>
      <object_component id="oc-273">
         <name>.debug_info</name>
         <load_address>0x142ab</load_address>
         <run_address>0x142ab</run_address>
         <size>0x23b</size>
         <input_file_ref idref="fl-d3"/>
      </object_component>
      <object_component id="oc-1aa">
         <name>.debug_info</name>
         <load_address>0x144e6</load_address>
         <run_address>0x144e6</run_address>
         <size>0x182</size>
         <input_file_ref idref="fl-d4"/>
      </object_component>
      <object_component id="oc-74">
         <name>.debug_info</name>
         <load_address>0x14668</load_address>
         <run_address>0x14668</run_address>
         <size>0x183</size>
         <input_file_ref idref="fl-d4"/>
      </object_component>
      <object_component id="oc-26b">
         <name>.debug_info</name>
         <load_address>0x147eb</load_address>
         <run_address>0x147eb</run_address>
         <size>0x5e</size>
         <input_file_ref idref="fl-d4"/>
      </object_component>
      <object_component id="oc-1a8">
         <name>.debug_info</name>
         <load_address>0x14849</load_address>
         <run_address>0x14849</run_address>
         <size>0x305</size>
         <input_file_ref idref="fl-d5"/>
      </object_component>
      <object_component id="oc-6d">
         <name>.debug_info</name>
         <load_address>0x14b4e</load_address>
         <run_address>0x14b4e</run_address>
         <size>0x1ac</size>
         <input_file_ref idref="fl-d5"/>
      </object_component>
      <object_component id="oc-25f">
         <name>.debug_info</name>
         <load_address>0x14cfa</load_address>
         <run_address>0x14cfa</run_address>
         <size>0x39</size>
         <input_file_ref idref="fl-d5"/>
      </object_component>
      <object_component id="oc-264">
         <name>.debug_info</name>
         <load_address>0x14d33</load_address>
         <run_address>0x14d33</run_address>
         <size>0xcd</size>
         <input_file_ref idref="fl-d5"/>
      </object_component>
      <object_component id="oc-25b">
         <name>.debug_info</name>
         <load_address>0x14e00</load_address>
         <run_address>0x14e00</run_address>
         <size>0x1fc</size>
         <input_file_ref idref="fl-d6"/>
      </object_component>
      <object_component id="oc-19c">
         <name>.debug_info</name>
         <load_address>0x14ffc</load_address>
         <run_address>0x14ffc</run_address>
         <size>0x19f</size>
         <input_file_ref idref="fl-d6"/>
      </object_component>
      <object_component id="oc-2c5">
         <name>.debug_info</name>
         <load_address>0x1519b</load_address>
         <run_address>0x1519b</run_address>
         <size>0x2c</size>
         <input_file_ref idref="fl-d6"/>
      </object_component>
      <object_component id="oc-28d">
         <name>.debug_info</name>
         <load_address>0x151c7</load_address>
         <run_address>0x151c7</run_address>
         <size>0x163</size>
         <input_file_ref idref="fl-d7"/>
      </object_component>
      <object_component id="oc-1a2">
         <name>.debug_info</name>
         <load_address>0x1532a</load_address>
         <run_address>0x1532a</run_address>
         <size>0x161</size>
         <input_file_ref idref="fl-d8"/>
      </object_component>
      <object_component id="oc-2f9">
         <name>.debug_info</name>
         <load_address>0x1548b</load_address>
         <run_address>0x1548b</run_address>
         <size>0xa9</size>
      </object_component>
      <object_component id="oc-21d">
         <name>.debug_line</name>
         <load_address>0x0</load_address>
         <run_address>0x0</run_address>
         <size>0x26d</size>
         <input_file_ref idref="fl-2"/>
      </object_component>
      <object_component id="oc-22e">
         <name>.debug_line</name>
         <load_address>0x26d</load_address>
         <run_address>0x26d</run_address>
         <size>0x2d</size>
         <input_file_ref idref="fl-2"/>
      </object_component>
      <object_component id="oc-20e">
         <name>.debug_line</name>
         <load_address>0x29a</load_address>
         <run_address>0x29a</run_address>
         <size>0x2d</size>
         <input_file_ref idref="fl-2"/>
      </object_component>
      <object_component id="oc-230">
         <name>.debug_line</name>
         <load_address>0x2c7</load_address>
         <run_address>0x2c7</run_address>
         <size>0x2d</size>
         <input_file_ref idref="fl-2"/>
      </object_component>
      <object_component id="oc-35">
         <name>.debug_line</name>
         <load_address>0x2f4</load_address>
         <run_address>0x2f4</run_address>
         <size>0x420</size>
         <input_file_ref idref="fl-2"/>
      </object_component>
      <object_component id="oc-173">
         <name>.debug_line</name>
         <load_address>0x714</load_address>
         <run_address>0x714</run_address>
         <size>0x60</size>
         <input_file_ref idref="fl-2"/>
      </object_component>
      <object_component id="oc-1c0">
         <name>.debug_line</name>
         <load_address>0x774</load_address>
         <run_address>0x774</run_address>
         <size>0x65</size>
         <input_file_ref idref="fl-2"/>
      </object_component>
      <object_component id="oc-1c6">
         <name>.debug_line</name>
         <load_address>0x7d9</load_address>
         <run_address>0x7d9</run_address>
         <size>0x64</size>
         <input_file_ref idref="fl-2"/>
      </object_component>
      <object_component id="oc-221">
         <name>.debug_line</name>
         <load_address>0x83d</load_address>
         <run_address>0x83d</run_address>
         <size>0x5a</size>
         <input_file_ref idref="fl-2"/>
      </object_component>
      <object_component id="oc-226">
         <name>.debug_line</name>
         <load_address>0x897</load_address>
         <run_address>0x897</run_address>
         <size>0x2d</size>
         <input_file_ref idref="fl-2"/>
      </object_component>
      <object_component id="oc-22b">
         <name>.debug_line</name>
         <load_address>0x8c4</load_address>
         <run_address>0x8c4</run_address>
         <size>0x53</size>
         <input_file_ref idref="fl-2"/>
      </object_component>
      <object_component id="oc-17d">
         <name>.debug_line</name>
         <load_address>0x917</load_address>
         <run_address>0x917</run_address>
         <size>0x20</size>
         <input_file_ref idref="fl-2"/>
      </object_component>
      <object_component id="oc-178">
         <name>.debug_line</name>
         <load_address>0x937</load_address>
         <run_address>0x937</run_address>
         <size>0x66</size>
         <input_file_ref idref="fl-2"/>
      </object_component>
      <object_component id="oc-1e0">
         <name>.debug_line</name>
         <load_address>0x99d</load_address>
         <run_address>0x99d</run_address>
         <size>0x66</size>
         <input_file_ref idref="fl-2"/>
      </object_component>
      <object_component id="oc-180">
         <name>.debug_line</name>
         <load_address>0xa03</load_address>
         <run_address>0xa03</run_address>
         <size>0x41</size>
         <input_file_ref idref="fl-3"/>
      </object_component>
      <object_component id="oc-38">
         <name>.debug_line</name>
         <load_address>0xa44</load_address>
         <run_address>0xa44</run_address>
         <size>0x41</size>
         <input_file_ref idref="fl-3"/>
      </object_component>
      <object_component id="oc-2f">
         <name>.debug_line</name>
         <load_address>0xa85</load_address>
         <run_address>0xa85</run_address>
         <size>0xa1</size>
         <input_file_ref idref="fl-3"/>
      </object_component>
      <object_component id="oc-18c">
         <name>.debug_line</name>
         <load_address>0xb26</load_address>
         <run_address>0xb26</run_address>
         <size>0x20</size>
         <input_file_ref idref="fl-3"/>
      </object_component>
      <object_component id="oc-297">
         <name>.debug_line</name>
         <load_address>0xb46</load_address>
         <run_address>0xb46</run_address>
         <size>0x20</size>
         <input_file_ref idref="fl-4"/>
      </object_component>
      <object_component id="oc-289">
         <name>.debug_line</name>
         <load_address>0xb66</load_address>
         <run_address>0xb66</run_address>
         <size>0x32</size>
         <input_file_ref idref="fl-4"/>
      </object_component>
      <object_component id="oc-295">
         <name>.debug_line</name>
         <load_address>0xb98</load_address>
         <run_address>0xb98</run_address>
         <size>0x32</size>
         <input_file_ref idref="fl-4"/>
      </object_component>
      <object_component id="oc-28b">
         <name>.debug_line</name>
         <load_address>0xbca</load_address>
         <run_address>0xbca</run_address>
         <size>0x32</size>
         <input_file_ref idref="fl-4"/>
      </object_component>
      <object_component id="oc-287">
         <name>.debug_line</name>
         <load_address>0xbfc</load_address>
         <run_address>0xbfc</run_address>
         <size>0x32</size>
         <input_file_ref idref="fl-4"/>
      </object_component>
      <object_component id="oc-93">
         <name>.debug_line</name>
         <load_address>0xc2e</load_address>
         <run_address>0xc2e</run_address>
         <size>0x283</size>
         <input_file_ref idref="fl-4"/>
      </object_component>
      <object_component id="oc-283">
         <name>.debug_line</name>
         <load_address>0xeb1</load_address>
         <run_address>0xeb1</run_address>
         <size>0x20</size>
         <input_file_ref idref="fl-5"/>
      </object_component>
      <object_component id="oc-281">
         <name>.debug_line</name>
         <load_address>0xed1</load_address>
         <run_address>0xed1</run_address>
         <size>0x6e</size>
         <input_file_ref idref="fl-5"/>
      </object_component>
      <object_component id="oc-27f">
         <name>.debug_line</name>
         <load_address>0xf3f</load_address>
         <run_address>0xf3f</run_address>
         <size>0x6e</size>
         <input_file_ref idref="fl-5"/>
      </object_component>
      <object_component id="oc-86">
         <name>.debug_line</name>
         <load_address>0xfad</load_address>
         <run_address>0xfad</run_address>
         <size>0x561</size>
         <input_file_ref idref="fl-5"/>
      </object_component>
      <object_component id="oc-2b0">
         <name>.debug_line</name>
         <load_address>0x150e</load_address>
         <run_address>0x150e</run_address>
         <size>0xa4</size>
         <input_file_ref idref="fl-6"/>
      </object_component>
      <object_component id="oc-2ac">
         <name>.debug_line</name>
         <load_address>0x15b2</load_address>
         <run_address>0x15b2</run_address>
         <size>0x60</size>
         <input_file_ref idref="fl-6"/>
      </object_component>
      <object_component id="oc-2ae">
         <name>.debug_line</name>
         <load_address>0x1612</load_address>
         <run_address>0x1612</run_address>
         <size>0x60</size>
         <input_file_ref idref="fl-6"/>
      </object_component>
      <object_component id="oc-ce">
         <name>.debug_line</name>
         <load_address>0x1672</load_address>
         <run_address>0x1672</run_address>
         <size>0x156b</size>
         <input_file_ref idref="fl-6"/>
      </object_component>
      <object_component id="oc-2a2">
         <name>.debug_line</name>
         <load_address>0x2bdd</load_address>
         <run_address>0x2bdd</run_address>
         <size>0x82</size>
         <input_file_ref idref="fl-c"/>
      </object_component>
      <object_component id="oc-2cf">
         <name>.debug_line</name>
         <load_address>0x2c5f</load_address>
         <run_address>0x2c5f</run_address>
         <size>0x7d</size>
         <input_file_ref idref="fl-c"/>
      </object_component>
      <object_component id="oc-2d1">
         <name>.debug_line</name>
         <load_address>0x2cdc</load_address>
         <run_address>0x2cdc</run_address>
         <size>0x7d</size>
         <input_file_ref idref="fl-c"/>
      </object_component>
      <object_component id="oc-2a0">
         <name>.debug_line</name>
         <load_address>0x2d59</load_address>
         <run_address>0x2d59</run_address>
         <size>0x7d</size>
         <input_file_ref idref="fl-c"/>
      </object_component>
      <object_component id="oc-150">
         <name>.debug_line</name>
         <load_address>0x2dd6</load_address>
         <run_address>0x2dd6</run_address>
         <size>0x92</size>
         <input_file_ref idref="fl-c"/>
      </object_component>
      <object_component id="oc-1ec">
         <name>.debug_line</name>
         <load_address>0x2e68</load_address>
         <run_address>0x2e68</run_address>
         <size>0x95</size>
         <input_file_ref idref="fl-c"/>
      </object_component>
      <object_component id="oc-12b">
         <name>.debug_line</name>
         <load_address>0x2efd</load_address>
         <run_address>0x2efd</run_address>
         <size>0xd1</size>
         <input_file_ref idref="fl-c"/>
      </object_component>
      <object_component id="oc-ad">
         <name>.debug_line</name>
         <load_address>0x2fce</load_address>
         <run_address>0x2fce</run_address>
         <size>0x93</size>
         <input_file_ref idref="fl-c"/>
      </object_component>
      <object_component id="oc-bf">
         <name>.debug_line</name>
         <load_address>0x3061</load_address>
         <run_address>0x3061</run_address>
         <size>0x93</size>
         <input_file_ref idref="fl-c"/>
      </object_component>
      <object_component id="oc-11f">
         <name>.debug_line</name>
         <load_address>0x30f4</load_address>
         <run_address>0x30f4</run_address>
         <size>0x99</size>
         <input_file_ref idref="fl-c"/>
      </object_component>
      <object_component id="oc-125">
         <name>.debug_line</name>
         <load_address>0x318d</load_address>
         <run_address>0x318d</run_address>
         <size>0x93</size>
         <input_file_ref idref="fl-c"/>
      </object_component>
      <object_component id="oc-a7">
         <name>.debug_line</name>
         <load_address>0x3220</load_address>
         <run_address>0x3220</run_address>
         <size>0xa7</size>
         <input_file_ref idref="fl-c"/>
      </object_component>
      <object_component id="oc-247">
         <name>.debug_line</name>
         <load_address>0x32c7</load_address>
         <run_address>0x32c7</run_address>
         <size>0xa9</size>
         <input_file_ref idref="fl-c"/>
      </object_component>
      <object_component id="oc-143">
         <name>.debug_line</name>
         <load_address>0x3370</load_address>
         <run_address>0x3370</run_address>
         <size>0x99</size>
         <input_file_ref idref="fl-c"/>
      </object_component>
      <object_component id="oc-13d">
         <name>.debug_line</name>
         <load_address>0x3409</load_address>
         <run_address>0x3409</run_address>
         <size>0x99</size>
         <input_file_ref idref="fl-c"/>
      </object_component>
      <object_component id="oc-149">
         <name>.debug_line</name>
         <load_address>0x34a2</load_address>
         <run_address>0x34a2</run_address>
         <size>0x92</size>
         <input_file_ref idref="fl-c"/>
      </object_component>
      <object_component id="oc-131">
         <name>.debug_line</name>
         <load_address>0x3534</load_address>
         <run_address>0x3534</run_address>
         <size>0x92</size>
         <input_file_ref idref="fl-c"/>
      </object_component>
      <object_component id="oc-137">
         <name>.debug_line</name>
         <load_address>0x35c6</load_address>
         <run_address>0x35c6</run_address>
         <size>0x92</size>
         <input_file_ref idref="fl-c"/>
      </object_component>
      <object_component id="oc-2aa">
         <name>.debug_line</name>
         <load_address>0x3658</load_address>
         <run_address>0x3658</run_address>
         <size>0x82</size>
         <input_file_ref idref="fl-d"/>
      </object_component>
      <object_component id="oc-d7">
         <name>.debug_line</name>
         <load_address>0x36da</load_address>
         <run_address>0x36da</run_address>
         <size>0x91</size>
         <input_file_ref idref="fl-d"/>
      </object_component>
      <object_component id="oc-205">
         <name>.debug_line</name>
         <load_address>0x376b</load_address>
         <run_address>0x376b</run_address>
         <size>0x91</size>
         <input_file_ref idref="fl-d"/>
      </object_component>
      <object_component id="oc-c5">
         <name>.debug_line</name>
         <load_address>0x37fc</load_address>
         <run_address>0x37fc</run_address>
         <size>0xa5</size>
         <input_file_ref idref="fl-d"/>
      </object_component>
      <object_component id="oc-da">
         <name>.debug_line</name>
         <load_address>0x38a1</load_address>
         <run_address>0x38a1</run_address>
         <size>0x91</size>
         <input_file_ref idref="fl-d"/>
      </object_component>
      <object_component id="oc-ec">
         <name>.debug_line</name>
         <load_address>0x3932</load_address>
         <run_address>0x3932</run_address>
         <size>0x91</size>
         <input_file_ref idref="fl-d"/>
      </object_component>
      <object_component id="oc-e0">
         <name>.debug_line</name>
         <load_address>0x39c3</load_address>
         <run_address>0x39c3</run_address>
         <size>0x91</size>
         <input_file_ref idref="fl-d"/>
      </object_component>
      <object_component id="oc-e6">
         <name>.debug_line</name>
         <load_address>0x3a54</load_address>
         <run_address>0x3a54</run_address>
         <size>0x91</size>
         <input_file_ref idref="fl-d"/>
      </object_component>
      <object_component id="oc-2b6">
         <name>.debug_line</name>
         <load_address>0x3ae5</load_address>
         <run_address>0x3ae5</run_address>
         <size>0x7c</size>
         <input_file_ref idref="fl-e"/>
      </object_component>
      <object_component id="oc-2b4">
         <name>.debug_line</name>
         <load_address>0x3b61</load_address>
         <run_address>0x3b61</run_address>
         <size>0x82</size>
[...]
      </symbol>
      <symbol id="sm-125">
         <name>GPIO_config</name>
         <value>0x3cb1</value>
         <object_component_ref idref="oc-31"/>
      </symbol>
      <symbol id="sm-126">
         <name>US_Sensor</name>
         <value>0x3d0d</value>
         <object_component_ref idref="oc-31"/>
      </symbol>
      <symbol id="sm-127">
         <name>SD_init</name>
         <value>0x3771</value>
         <object_component_ref idref="oc-31"/>
      </symbol>
      <symbol id="sm-128">
         <name>setup</name>
         <value>0x36c1</value>
         <object_component_ref idref="oc-31"/>
      </symbol>
      <symbol id="sm-129">
         <name>UARTSend</name>
         <value>0x3699</value>
         <object_component_ref idref="oc-31"/>
      </symbol>
      <symbol id="sm-12a">
         <name>count</name>
         <value>0x200009d0</value>
         <object_component_ref idref="oc-f9"/>
      </symbol>
      <symbol id="sm-12b">
         <name>Timer2IntHandler</name>
         <value>0x3d67</value>
         <object_component_ref idref="oc-31"/>
      </symbol>
      <symbol id="sm-12c">
         <name>Timer0IntHandler</name>
         <value>0x3d49</value>
         <object_component_ref idref="oc-31"/>
      </symbol>
      <symbol id="sm-12d">
         <name>flag</name>
         <value>0x200009e4</value>
         <object_component_ref idref="oc-f9"/>
      </symbol>
      <symbol id="sm-14e">
         <name>ResetISR</name>
         <value>0x4e11</value>
         <object_component_ref idref="oc-2b"/>
      </symbol>
      <symbol id="sm-14f">
         <name>g_pfnVectors</name>
         <value>0x0</value>
         <object_component_ref idref="oc-f"/>
      </symbol>
      <symbol id="sm-1c0">
         <name>UARTgetc</name>
         <value>0x402d</value>
         <object_component_ref idref="oc-8e"/>
      </symbol>
      <symbol id="sm-1c1">
         <name>UARTgets</name>
         <value>0x3f67</value>
         <object_component_ref idref="oc-8e"/>
      </symbol>
      <symbol id="sm-1c2">
         <name>UARTStdioConfig</name>
         <value>0x3eb5</value>
         <object_component_ref idref="oc-8e"/>
      </symbol>
      <symbol id="sm-1c3">
         <name>UARTwrite</name>
         <value>0x3f15</value>
         <object_component_ref idref="oc-8e"/>
      </symbol>
      <symbol id="sm-1c4">
         <name>UARTprintf</name>
         <value>0x435b</value>
         <object_component_ref idref="oc-8e"/>
      </symbol>
      <symbol id="sm-1c5">
         <name>UARTvprintf</name>
         <value>0x4061</value>
         <object_component_ref idref="oc-8e"/>
      </symbol>
      <symbol id="sm-27d">
         <name>get_fattime</name>
         <value>0x35e3</value>
         <object_component_ref idref="oc-82"/>
      </symbol>
      <symbol id="sm-27e">
         <name>disk_status</name>
         <value>0x31e1</value>
         <object_component_ref idref="oc-82"/>
      </symbol>
      <symbol id="sm-27f">
         <name>disk_timerproc</name>
         <value>0x359f</value>
         <object_component_ref idref="oc-82"/>
      </symbol>
      <symbol id="sm-280">
         <name>disk_read</name>
         <value>0x31fb</value>
         <object_component_ref idref="oc-82"/>
      </symbol>
      <symbol id="sm-281">
         <name>disk_initialize</name>
         <value>0x3041</value>
         <object_component_ref idref="oc-82"/>
      </symbol>
      <symbol id="sm-282">
         <name>disk_ioctl</name>
         <value>0x339d</value>
         <object_component_ref idref="oc-82"/>
      </symbol>
      <symbol id="sm-283">
         <name>disk_write</name>
         <value>0x32ab</value>
         <object_component_ref idref="oc-82"/>
      </symbol>
      <symbol id="sm-452">
         <name>f_getfree</name>
         <value>0x24db</value>
         <object_component_ref idref="oc-cd"/>
      </symbol>
      <symbol id="sm-453">
         <name>f_read</name>
         <value>0x1aed</value>
         <object_component_ref idref="oc-cd"/>
      </symbol>
      <symbol id="sm-454">
         <name>f_unlink</name>
         <value>0x2731</value>
         <object_component_ref idref="oc-cd"/>
      </symbol>
      <symbol id="sm-455">
         <name>f_mkdir</name>
         <value>0x2833</value>
         <object_component_ref idref="oc-cd"/>
      </symbol>
      <symbol id="sm-456">
         <name>f_chmod</name>
         <value>0x2a19</value>
         <object_component_ref idref="oc-cd"/>
      </symbol>
      <symbol id="sm-457">
         <name>f_utime</name>
         <value>0x2aa9</value>
         <object_component_ref idref="oc-cd"/>
      </symbol>
      <symbol id="sm-458">
         <name>f_sync</name>
         <value>0x1fe5</value>
         <object_component_ref idref="oc-cd"/>
      </symbol>
      <symbol id="sm-459">
         <name>clust2sect</name>
         <value>0x505</value>
         <object_component_ref idref="oc-cd"/>
      </symbol>
      <symbol id="sm-45a">
         <name>put_fat</name>
         <value>0x659</value>
         <object_component_ref idref="oc-cd"/>
      </symbol>
      <symbol id="sm-45b">
         <name>f_write</name>
         <value>0x1d41</value>
         <object_component_ref idref="oc-cd"/>
      </symbol>
      <symbol id="sm-45c">
         <name>f_opendir</name>
         <value>0x234f</value>
         <object_component_ref idref="oc-cd"/>
      </symbol>
      <symbol id="sm-45d">
         <name>f_truncate</name>
         <value>0x263d</value>
         <object_component_ref idref="oc-cd"/>
      </symbol>
      <symbol id="sm-45e">
         <name>f_close</name>
         <value>0x20e1</value>
         <object_component_ref idref="oc-cd"/>
      </symbol>
      <symbol id="sm-45f">
         <name>f_rename</name>
         <value>0x2b2d</value>
         <object_component_ref idref="oc-cd"/>
      </symbol>
      <symbol id="sm-460">
         <name>f_open</name>
         <value>0x18d9</value>
         <object_component_ref idref="oc-cd"/>
      </symbol>
      <symbol id="sm-461">
         <name>f_lseek</name>
         <value>0x2101</value>
         <object_component_ref idref="oc-cd"/>
      </symbol>
      <symbol id="sm-462">
         <name>f_stat</name>
         <value>0x248b</value>
         <object_component_ref idref="oc-cd"/>
      </symbol>
      <symbol id="sm-463">
         <name>f_mount</name>
         <value>0x1883</value>
         <object_component_ref idref="oc-cd"/>
      </symbol>
      <symbol id="sm-464">
         <name>f_readdir</name>
         <value>0x23ff</value>
         <object_component_ref idref="oc-cd"/>
      </symbol>
      <symbol id="sm-465">
         <name>get_fat</name>
         <value>0x535</value>
         <object_component_ref idref="oc-cd"/>
      </symbol>
      <symbol id="sm-4fe">
         <name>GPIOIntRegister</name>
         <value>0x4ce1</value>
         <object_component_ref idref="oc-13c"/>
      </symbol>
      <symbol id="sm-4ff">
         <name>GPIOPinConfigure</name>
         <value>0x4b1d</value>
         <object_component_ref idref="oc-a6"/>
      </symbol>
      <symbol id="sm-500">
         <name>GPIOPinTypeI2CSCL</name>
         <value>0x4d7b</value>
         <object_component_ref idref="oc-be"/>
      </symbol>
      <symbol id="sm-501">
         <name>GPIOIntDisable</name>
         <value>0x4dc1</value>
         <object_component_ref idref="oc-130"/>
      </symbol>
      <symbol id="sm-502">
         <name>GPIOIntEnable</name>
         <value>0x4e05</value>
         <object_component_ref idref="oc-148"/>
      </symbol>
      <symbol id="sm-503">
         <name>GPIOIntTypeSet</name>
         <value>0x4985</value>
         <object_component_ref idref="oc-142"/>
      </symbol>
      <symbol id="sm-504">
         <name>GPIOPinTypeGPIOInput</name>
         <value>0x4d69</value>
         <object_component_ref idref="oc-124"/>
      </symbol>
      <symbol id="sm-505">
         <name>GPIOIntClear</name>
         <value>0x4e49</value>
         <object_component_ref idref="oc-136"/>
      </symbol>
      <symbol id="sm-506">
         <name>GPIOPinTypeUART</name>
         <value>0x4d8d</value>
         <object_component_ref idref="oc-ac"/>
      </symbol>
      <symbol id="sm-507">
         <name>GPIOPinTypeGPIOOutput</name>
         <value>0x4cf9</value>
         <object_component_ref idref="oc-11e"/>
      </symbol>
      <symbol id="sm-508">
         <name>GPIODirModeSet</name>
         <value>0x4c95</value>
         <object_component_ref idref="oc-1eb"/>
      </symbol>
      <symbol id="sm-509">
         <name>GPIOPinWrite</name>
         <value>0x4e4f</value>
         <object_component_ref idref="oc-14e"/>
      </symbol>
      <symbol id="sm-50a">
         <name>GPIOPadConfigSet</name>
         <value>0x4391</value>
         <object_component_ref idref="oc-12a"/>
      </symbol>
      <symbol id="sm-54b">
         <name>I2CMasterDataPut</name>
         <value>0x4e6f</value>
         <object_component_ref idref="oc-d9"/>
      </symbol>
      <symbol id="sm-54c">
         <name>I2CMasterInitExpClk</name>
         <value>0x4a85</value>
         <object_component_ref idref="oc-c4"/>
      </symbol>
      <symbol id="sm-54d">
         <name>I2CMasterSlaveAddrSet</name>
         <value>0x4e39</value>
         <object_component_ref idref="oc-d3"/>
      </symbol>
      <symbol id="sm-54e">
         <name>I2CMasterDataGet</name>
         <value>0x4e6b</value>
         <object_component_ref idref="oc-eb"/>
      </symbol>
      <symbol id="sm-54f">
         <name>I2CMasterControl</name>
         <value>0x4e67</value>
         <object_component_ref idref="oc-df"/>
      </symbol>
      <symbol id="sm-550">
         <name>I2CMasterBusy</name>
         <value>0x4e31</value>
         <object_component_ref idref="oc-e5"/>
      </symbol>
      <symbol id="sm-551">
         <name>I2CMasterEnable</name>
         <value>0x4e1d</value>
         <object_component_ref idref="oc-204"/>
      </symbol>
      <symbol id="sm-593">
         <name>IntEnable</name>
         <value>0x48bd</value>
         <object_component_ref idref="oc-109"/>
      </symbol>
      <symbol id="sm-594">
         <name>IntRegister</name>
         <value>0x4c2d</value>
         <object_component_ref idref="oc-24c"/>
      </symbol>
      <symbol id="sm-595">
         <name>g_pfnRAMVectors</name>
         <value>0x20000000</value>
         <object_component_ref idref="oc-2bf"/>
      </symbol>
      <symbol id="sm-596">
         <name>IntMasterEnable</name>
         <value>0x4db1</value>
         <object_component_ref idref="oc-115"/>
      </symbol>
      <symbol id="sm-5e8">
         <name>SysCtlClockSet</name>
         <value>0x45d5</value>
         <object_component_ref idref="oc-9a"/>
      </symbol>
      <symbol id="sm-5e9">
         <name>SysCtlDelay</name>
         <value>0x4e55</value>
         <object_component_ref idref="oc-15a"/>
      </symbol>
      <symbol id="sm-5ea">
         <name>SysCtlPeripheralEnable</name>
         <value>0x4c61</value>
         <object_component_ref idref="oc-a0"/>
      </symbol>
      <symbol id="sm-5eb">
         <name>SysCtlClockGet</name>
         <value>0x44c5</value>
         <object_component_ref idref="oc-b2"/>
      </symbol>
      <symbol id="sm-631">
         <name>TimerLoadSet</name>
         <value>0x4d9f</value>
         <object_component_ref idref="oc-103"/>
      </symbol>
      <symbol id="sm-632">
         <name>TimerDisable</name>
         <value>0x4d11</value>
         <object_component_ref idref="oc-161"/>
      </symbol>
      <symbol id="sm-633">
         <name>TimerEnable</name>
         <value>0x4dcf</value>
         <object_component_ref idref="oc-154"/>
      </symbol>
      <symbol id="sm-634">
         <name>TimerValueGet</name>
         <value>0x4e27</value>
         <object_component_ref idref="oc-167"/>
      </symbol>
      <symbol id="sm-635">
         <name>TimerIntEnable</name>
         <value>0x4e41</value>
         <object_component_ref idref="oc-10f"/>
      </symbol>
      <symbol id="sm-636">
         <name>TimerConfigure</name>
         <value>0x4925</value>
         <object_component_ref idref="oc-fd"/>
      </symbol>
      <symbol id="sm-637">
         <name>TimerIntClear</name>
         <value>0x4e73</value>
         <object_component_ref idref="oc-15b"/>
      </symbol>
      <symbol id="sm-668">
         <name>UARTCharPutNonBlocking</name>
         <value>0x4ddd</value>
         <object_component_ref idref="oc-94"/>
      </symbol>
      <symbol id="sm-669">
         <name>UARTConfigSetExpClk</name>
         <value>0x4b65</value>
         <object_component_ref idref="oc-b8"/>
      </symbol>
      <symbol id="sm-66a">
         <name>UARTDisable</name>
         <value>0x4cc1</value>
         <object_component_ref idref="oc-1f6"/>
      </symbol>
      <symbol id="sm-66b">
         <name>UARTClockSourceSet</name>
         <value>0x4e5b</value>
         <object_component_ref idref="oc-88"/>
      </symbol>
      <symbol id="sm-66c">
         <name>UARTEnable</name>
         <value>0x4d41</value>
         <object_component_ref idref="oc-1fc"/>
      </symbol>
      <symbol id="sm-676">
         <name>CPUcpsie</name>
         <value>0x4df9</value>
         <object_component_ref idref="oc-23a"/>
      </symbol>
      <symbol id="sm-687">
         <name>_c_int00</name>
         <value>0x49dd</value>
         <object_component_ref idref="oc-24"/>
      </symbol>
      <symbol id="sm-688">
         <name>__stack</name>
         <value>0x20000730</value>
         <object_component_ref idref="oc-2a"/>
      </symbol>
      <symbol id="sm-69f">
         <name>__TI_decompress_none</name>
         <value>0x4deb</value>
         <object_component_ref idref="oc-12"/>
      </symbol>
      <symbol id="sm-6c7">
         <name>__TI_decompress_rle24</name>
         <value>0x4e61</value>
         <object_component_ref idref="oc-18"/>
      </symbol>
      <symbol id="sm-6e9">
         <name>C$$EXIT</name>
         <value>0x4a31</value>
         <object_component_ref idref="oc-77"/>
      </symbol>
      <symbol id="sm-6ea">
         <name>abort</name>
         <value>0x4a35</value>
         <object_component_ref idref="oc-77"/>
      </symbol>
      <symbol id="sm-6eb">
         <name>exit</name>
         <value>0x4a3d</value>
         <object_component_ref idref="oc-77"/>
      </symbol>
      <symbol id="sm-6ec">
         <name>__TI_dtors_ptr</name>
         <value>0x20000a04</value>
         <object_component_ref idref="oc-1ab"/>
      </symbol>
      <symbol id="sm-6ed">
         <name>__TI_cleanup_ptr</name>
         <value>0x20000a00</value>
         <object_component_ref idref="oc-1ab"/>
      </symbol>
      <symbol id="sm-6ee">
         <name>__TI_enable_exit_profile_output</name>
         <value>0x20000a08</value>
         <object_component_ref idref="oc-1ab"/>
      </symbol>
      <symbol id="sm-709">
         <name>memcpy</name>
         <value>0x46c9</value>
         <object_component_ref idref="oc-3a"/>
      </symbol>
      <symbol id="sm-70a">
         <name>__aeabi_memcpy</name>
         <value>0x46c9</value>
         <object_component_ref idref="oc-3a"/>
      </symbol>
      <symbol id="sm-70b">
         <name>__aeabi_memcpy8</name>
         <value>0x46c9</value>
         <object_component_ref idref="oc-3a"/>
      </symbol>
      <symbol id="sm-70c">
         <name>__aeabi_memcpy4</name>
         <value>0x46c9</value>
         <object_component_ref idref="oc-3a"/>
      </symbol>
      <symbol id="sm-71b">
         <name>__aeabi_memset</name>
         <value>0x4767</value>
         <object_component_ref idref="oc-53"/>
      </symbol>
      <symbol id="sm-71c">
         <name>memset</name>
         <value>0x476d</value>
         <object_component_ref idref="oc-53"/>
      </symbol>
      <symbol id="sm-71d">
         <name>__aeabi_memset8</name>
         <value>0x4767</value>
         <object_component_ref idref="oc-53"/>
      </symbol>
      <symbol id="sm-71e">
         <name>__aeabi_memset4</name>
         <value>0x4767</value>
         <object_component_ref idref="oc-53"/>
      </symbol>
      <symbol id="sm-71f">
         <name>__aeabi_memclr8</name>
         <value>0x4765</value>
         <object_component_ref idref="oc-53"/>
      </symbol>
      <symbol id="sm-720">
         <name>__aeabi_memclr4</name>
         <value>0x4765</value>
         <object_component_ref idref="oc-53"/>
      </symbol>
      <symbol id="sm-721">
         <name>__aeabi_memclr</name>
         <value>0x4765</value>
         <object_component_ref idref="oc-53"/>
      </symbol>
      <symbol id="sm-72b">
         <name>__mpu_init</name>
         <value>0x47df</value>
         <object_component_ref idref="oc-5f"/>
      </symbol>
      <symbol id="sm-735">
         <name>_system_pre_init</name>
         <value>0x4e77</value>
         <object_component_ref idref="oc-65"/>
      </symbol>
      <symbol id="sm-73d">
         <name>main_func_sp</name>
         <value>0x20000a1c</value>
         <object_component_ref idref="oc-7d"/>
      </symbol>
      <symbol id="sm-74c">
         <name>__aeabi_uidivmod</name>
         <value>0x4bed</value>
         <object_component_ref idref="oc-1d3"/>
      </symbol>
      <symbol id="sm-74d">
         <name>__aeabi_uidiv</name>
         <value>0x4bed</value>
         <object_component_ref idref="oc-1d3"/>
      </symbol>
      <symbol id="sm-766">
         <name>_nop</name>
         <value>0x4d63</value>
         <object_component_ref idref="oc-272"/>
      </symbol>
      <symbol id="sm-767">
         <name>_lock</name>
         <value>0x20000a0c</value>
         <object_component_ref idref="oc-1ae"/>
      </symbol>
      <symbol id="sm-768">
         <name>_unlock</name>
         <value>0x20000a10</value>
         <object_component_ref idref="oc-1ae"/>
      </symbol>
      <symbol id="sm-769">
         <name>_register_lock</name>
         <value>0x4d5b</value>
         <object_component_ref idref="oc-272"/>
      </symbol>
      <symbol id="sm-76a">
         <name>_register_unlock</name>
         <value>0x4d55</value>
         <object_component_ref idref="oc-272"/>
      </symbol>
      <symbol id="sm-77e">
         <name>_args_main</name>
         <value>0x4d29</value>
         <object_component_ref idref="oc-71"/>
      </symbol>
      <symbol id="sm-7a3">
         <name>__TI_auto_init</name>
         <value>0x47e1</value>
         <object_component_ref idref="oc-6b"/>
      </symbol>
      <symbol id="sm-7bd">
         <name>copy_in</name>
         <value>0x4ad1</value>
         <object_component_ref idref="oc-19b"/>
      </symbol>
      <symbol id="sm-7c7">
         <name>__aeabi_idiv0</name>
         <value>0x44c3</value>
         <object_component_ref idref="oc-28c"/>
      </symbol>
      <symbol id="sm-7d1">
         <name>_system_post_cinit</name>
         <value>0x48bb</value>
         <object_component_ref idref="oc-1a1"/>
      </symbol>
      <symbol id="sm-7d2">
         <name>__TI_static_base__</name>
         <value>0x0</value>
      </symbol>
      <symbol id="sm-7d5">
         <name>SHT$$INIT_ARRAY$$Limit</name>
         <value>0x0</value>
      </symbol>
      <symbol id="sm-7d6">
         <name>SHT$$INIT_ARRAY$$Base</name>
         <value>0x0</value>
      </symbol>
   </symbol_table>
   <title>Link successful</title>
</link_info>
